============================================================
 实验三真机 V10：放置后定向搜索版
============================================================
网球放左侧后向右搜索；水瓶放右侧后向左搜索
离开放置区并重新看到黑色标记后，才接受下一个目标
直接启动完整自动任务，最多处理 6 个物体
日志：/home/adam/Team21/yjh/real_grid_sorting_v10.backup.20260919_180448/logs/grasp_v10_20260919_180538.log
============================================================
2026-09-19 18:05:48,634 ERROR conn.py:271 SdkConnection: RECV TimeOut!
2026-09-19 18:05:48,634 ERROR robot.py:1353 Robot: Connection Failed, Please Check Hareware Connections!!! conn_type ap, host ('0.0.0.0', 10472), target ('192.168.2.1', 20020).
2026-09-19 18:05:48,635 ERROR robot.py:1315 Robot: Connection Create Failed.

profile tennis_ball:
  visual x=314.5 y=298.5
  bbox w=98.0 h=97.9
  arm x=182.0 y=-84.0

profile bottle:
  visual x=318.8 y=356.5
  bbox w=114.0 h=277.0
  arm x=184.0 y=-21.0

加载 YOLO...
YOLO OK
连接 RoboMaster...
Traceback (most recent call last):
  File "/home/adam/Team21/yjh/real_grid_sorting_v10.backup.20260919_180448/vision/grasp_v10.py", line 5465, in <module>
    raise SystemExit(main())
  File "/home/adam/Team21/yjh/real_grid_sorting_v10.backup.20260919_180448/vision/grasp_v10.py", line 4840, in main
    ep.initialize(
  File "/home/adam/.local/lib/python3.10/site-packages/robomaster/robot.py", line 1316, in initialize
    raise e
  File "/home/adam/.local/lib/python3.10/site-packages/robomaster/robot.py", line 1313, in initialize
    self._client.start()
  File "/home/adam/.local/lib/python3.10/site-packages/robomaster/client.py", line 129, in start
    raise e
  File "/home/adam/.local/lib/python3.10/site-packages/robomaster/client.py", line 123, in start
    result = self.initialize()
  File "/home/adam/.local/lib/python3.10/site-packages/robomaster/client.py", line 114, in initialize
    raise e
  File "/home/adam/.local/lib/python3.10/site-packages/robomaster/client.py", line 112, in initialize
    self._conn.create()
  File "/home/adam/.local/lib/python3.10/site-packages/robomaster/conn.py", line 162, in create
    self._sock.bind(self._host_addr)
OSError: [Errno 99] Cannot assign requested address
Exception ignored in: <function Robot.__del__ at 0xfffef52ebe20>
Traceback (most recent call last):
  File "/home/adam/.local/lib/python3.10/site-packages/robomaster/robot.py", line 1118, in __del__
    self.close()
  File "/home/adam/.local/lib/python3.10/site-packages/robomaster/robot.py", line 1344, in close
    self._client.stop()
  File "/home/adam/.local/lib/python3.10/site-packages/robomaster/client.py", line 132, in stop
    if self._thread.is_alive():
AttributeError: 'NoneType' object has no attribute 'is_alive'
Exception ignored in: <function Client.__del__ at 0xffff008a65f0>
Traceback (most recent call last):
  File "/home/adam/.local/lib/python3.10/site-packages/robomaster/client.py", line 88, in __del__
    self.stop()
  File "/home/adam/.local/lib/python3.10/site-packages/robomaster/client.py", line 132, in stop
    if self._thread.is_alive():
AttributeError: 'NoneType' object has no attribute 'is_alive'
adam@adam-desktop:~/Team21/yjh/real_grid_sorting_v10$ bash ./run_grasp_v10.sh
============================================================
 实验三真机 V10：放置后定向搜索版
============================================================
网球放左侧后向右搜索；水瓶放右侧后向左搜索
离开放置区并重新看到黑色标记后，才接受下一个目标
直接启动完整自动任务，最多处理 6 个物体
日志：/home/adam/Team21/yjh/real_grid_sorting_v10.backup.20260919_180448/logs/grasp_v10_20260919_180648.log
============================================================

profile tennis_ball:
  visual x=314.5 y=298.5
  bbox w=98.0 h=97.9
  arm x=182.0 y=-84.0

profile bottle:
  visual x=318.8 y=356.5
  bbox w=114.0 h=277.0
  arm x=184.0 y=-21.0

加载 YOLO...
YOLO OK
连接 RoboMaster...
RoboMaster SDK OK
[YAW] attitude subscription: 1.52
[YAW] SESSION FORWARD REFERENCE: 1.52
启动视频流...

============================================================
开始多目标自动分拣
优先级：bottom_y 最大的目标优先（最近优先）
网球 -> 左侧；水瓶 -> 右侧
最多处理 6 个目标
============================================================

========== 第 1 个目标 ==========
[YAW] USE SESSION FORWARD REFERENCE: 1.52
机械臂 -> 远距离观察姿态 (recenter)
[ARM] recenter completed
[VISION] TARGET LOCKED -> YOLO FORCE ON / MARKER GATE BYPASSED
[SMOOTH] 锁定最近目标: tennis_ball，后续持续跟踪该物体

[SMOOTH 1] tennis_ball conf=0.93 | x=302.8 err=-17.2px | width=55.0 switch=60.0
[ALIGN_PREGRASP] 已接近预抓取区域，先停止前冲并横向对准。
  ALIGN: 已居中但距离还差一点，仅慢速前进 x=0.04m/s

[SMOOTH 2] tennis_ball conf=0.93 | x=303.0 err=-17.0px | width=55.0 switch=60.0
  ALIGN: 已居中但距离还差一点，仅慢速前进 x=0.04m/s

[SMOOTH 3] tennis_ball conf=0.91 | x=303.5 err=-16.5px | width=50.5 switch=60.0
  ALIGN: 已居中但距离还差一点，仅慢速前进 x=0.04m/s

[SMOOTH 4] tennis_ball conf=0.90 | x=303.5 err=-16.5px | width=52.0 switch=60.0
  ALIGN: 已居中但距离还差一点，仅慢速前进 x=0.04m/s

[SMOOTH 5] tennis_ball conf=0.92 | x=302.5 err=-17.5px | width=53.0 switch=60.0
  ALIGN: 已居中但距离还差一点，仅慢速前进 x=0.04m/s

[SMOOTH 6] tennis_ball conf=0.92 | x=302.5 err=-17.5px | width=53.0 switch=60.0
  ALIGN: 已居中但距离还差一点，仅慢速前进 x=0.04m/s

[SMOOTH 7] tennis_ball conf=0.87 | x=301.2 err=-18.8px | width=53.0 switch=60.0
  ALIGN: 已居中但距离还差一点，仅慢速前进 x=0.04m/s

[SMOOTH 8] tennis_ball conf=0.86 | x=302.2 err=-17.8px | width=54.5 switch=60.0
  ALIGN: 已居中但距离还差一点，仅慢速前进 x=0.04m/s

[SMOOTH 9] tennis_ball conf=0.87 | x=302.5 err=-17.5px | width=55.0 switch=60.0
  ALIGN: 已居中但距离还差一点，仅慢速前进 x=0.04m/s

[SMOOTH 10] tennis_ball conf=0.89 | x=302.0 err=-18.0px | width=56.5 switch=60.0
  ALIGN: 已居中但距离还差一点，仅慢速前进 x=0.04m/s

[SMOOTH 11] tennis_ball conf=0.90 | x=301.2 err=-18.8px | width=57.5 switch=60.0
  ALIGN: 已居中但距离还差一点，仅慢速前进 x=0.04m/s

[SMOOTH 12] tennis_ball conf=0.89 | x=299.2 err=-20.8px | width=59.5 switch=60.0
  ALIGN: 已居中但距离还差一点，仅慢速前进 x=0.04m/s

[SMOOTH 13] tennis_ball conf=0.82 | x=300.5 err=-19.5px | width=67.0 switch=60.0
  ALIGN READY 1/2: |x_error|=19.5px <= 30.0, width=67.0 >= 60.0

[SMOOTH 14] tennis_ball conf=0.82 | x=300.0 err=-20.0px | width=68.0 switch=60.0
  ALIGN READY 2/2: |x_error|=20.0px <= 30.0, width=68.0 >= 60.0

==============================================
[PREGRASP] 距离和横向位置均已确认
class=tennis_ball, x_error=-20.0px, width=68.0
现在才允许停车并切换学习抓取姿态。
==============================================
进入学习抓取姿态: arm.moveto(x=182.0, y=-84.0)
[ARM] WARNING: 进入学习抓取姿态 wait_for_completed 超过 3.0s。
[ARM] 如果机械臂已经物理到位，继续进入视觉闭环，不再永久阻塞。

[PREGRASP] arm.moveto 阻塞已释放。
[PREGRASP] 机械臂已下降/到位或已超时放行，直接进入实时 CLOSE_APPROACH。

[CLOSE 1] tennis_ball conf=0.93 age=18ms
  x=296.0, ref=314.5, err=-18.5px
  y=230.2, ref=298.5, err=-68.2px
  width=74.5, ref=98.0, ratio=0.760
  ACTION: TURN 左 +3.0deg

[CLOSE 2] tennis_ball conf=0.93 age=148ms
  x=296.5, ref=314.5, err=-18.0px
  y=229.9, ref=298.5, err=-68.6px
  width=75.0, ref=98.0, ratio=0.765
  ACTION: TURN 左 +3.0deg

[CLOSE 3] tennis_ball conf=0.91 age=114ms
  x=305.5, ref=314.5, err=-9.0px
  y=232.4, ref=298.5, err=-66.1px
  width=77.0, ref=98.0, ratio=0.786
  ACTION: 前进 60mm

[CLOSE 4] tennis_ball conf=0.91 age=110ms
  x=316.5, ref=314.5, err=+2.0px
  y=266.0, ref=298.5, err=-32.5px
  width=84.0, ref=98.0, ratio=0.857
  ACTION: 前进 60mm

[CLOSE 5] tennis_ball conf=0.92 age=114ms
  x=310.0, ref=314.5, err=-4.5px
  y=307.0, ref=298.5, err=+8.5px
  width=99.0, ref=98.0, ratio=1.010

==============================================
[READY] 网球已达到成功抓取视觉状态
x_error=-4.5px, width_ratio=1.010, y_error=+8.5px
==============================================
[PRIORITY] 当前最近目标: tennis_ball
关闭夹爪并判断...
grasp result: True 快速闭合(1.4s <= 2.0s), 判定夹到物体
抓取成功，开始抬起。
物体已抬起。
[POST GRASP] Move arm to transport/observe pose before chassis retreat.
机械臂 -> 远距离观察姿态 (recenter)
[ARM] recenter completed

==============================================
[SAFE BACKUP] POST GRASP: 15 cm
[SAFE BACKUP] move speed=0.12 m/s
==============================================
[SAFE BACKUP] POST GRASP: settling chassis before move
[SAFE BACKUP] POST GRASP: send chassis.move()
[SAFE BACKUP] POST GRASP: waiting for chassis action
[SAFE BACKUP] POST GRASP: move completed
[SAFE BACKUP] POST GRASP: OK

==============================================
[YAW RESTORE] POST GRASP
[YAW RESTORE] target=+1.52 deg
==============================================
[YAW RESTORE] attempt 1/4: current=-2.17, error=+3.69 deg
[YAW RESTORE] rotate z=-3.69 deg
[YAW RESTORE] attempt 2/4: current=-0.54, error=+2.06 deg
[YAW RESTORE] POST GRASP: OK

==============================================
[SORT] tennis_ball -> LEFT / TENNIS ZONE
[SORT] Lateral movement y=-0.12m/s
==============================================

==============================================
[DROP PREP] Confirm marker before lateral movement
==============================================
[DROP PREP] Marker visible. Lateral movement allowed.
[DROP STRAFE] marker absent 0.00/1.50s
[DROP STRAFE] marker absent 0.05/1.50s
[DROP STRAFE] marker absent 0.10/1.50s
[DROP STRAFE] marker absent 0.15/1.50s
[DROP STRAFE] marker absent 0.20/1.50s
[DROP STRAFE] marker absent 0.26/1.50s
[DROP STRAFE] marker absent 0.31/1.50s
[DROP STRAFE] marker absent 0.36/1.50s
[DROP STRAFE] marker absent 0.41/1.50s
[DROP STRAFE] marker absent 0.46/1.50s
[DROP STRAFE] marker absent 0.51/1.50s
[DROP STRAFE] marker absent 0.56/1.50s
[DROP STRAFE] marker absent 0.61/1.50s
[DROP STRAFE] marker absent 0.67/1.50s
[DROP STRAFE] marker absent 0.72/1.50s
[DROP STRAFE] marker absent 0.77/1.50s
[DROP STRAFE] marker absent 0.00/1.50s
[DROP STRAFE] marker absent 0.05/1.50s
[DROP STRAFE] marker absent 0.10/1.50s
[DROP STRAFE] marker absent 0.00/1.50s
[DROP STRAFE] marker absent 0.05/1.50s
[DROP STRAFE] marker absent 0.10/1.50s
[DROP STRAFE] marker absent 0.15/1.50s
[DROP STRAFE] marker absent 0.21/1.50s
[DROP STRAFE] marker absent 0.26/1.50s
[DROP STRAFE] marker absent 0.31/1.50s
[DROP STRAFE] marker absent 0.36/1.50s
[DROP STRAFE] marker absent 0.41/1.50s
[DROP STRAFE] marker absent 0.46/1.50s
[DROP STRAFE] marker absent 0.51/1.50s
[DROP STRAFE] marker absent 0.56/1.50s
[DROP STRAFE] marker absent 0.61/1.50s
[DROP STRAFE] marker absent 0.67/1.50s
[DROP STRAFE] marker absent 0.72/1.50s
[DROP STRAFE] marker absent 0.77/1.50s
[DROP STRAFE] marker absent 0.82/1.50s
[DROP STRAFE] marker absent 0.87/1.50s
[DROP STRAFE] marker absent 0.92/1.50s
[DROP STRAFE] marker absent 0.97/1.50s
[DROP STRAFE] marker absent 1.03/1.50s
[DROP STRAFE] marker absent 1.08/1.50s
[DROP STRAFE] marker absent 1.13/1.50s
[DROP STRAFE] marker absent 1.18/1.50s
[DROP STRAFE] marker absent 1.23/1.50s
[DROP STRAFE] marker absent 1.28/1.50s
[DROP STRAFE] marker absent 1.33/1.50s
[DROP STRAFE] marker absent 1.38/1.50s
[DROP STRAFE] marker absent 1.43/1.50s
[DROP STRAFE] marker absent 1.49/1.50s
[DROP STRAFE] marker absent 1.54/1.50s
[DROP STRAFE] Edge confirmed.
[SORT] Marker absent for 1.5s.
[SORT] Stop lateral motion and release object.

==============================================
[SORT] tennis_ball drop forward 15 cm
==============================================
[SORT] Stop lateral motion before forward offset.
[SORT] Forward speed=0.12 m/s, time=1.25s
[SORT] Drop forward offset complete.
[ARM] WARNING: sort lower wait_for_completed 超过 3.0s。
[ARM] 如果机械臂已经物理到位，继续进入视觉闭环，不再永久阻塞。
[SORT] Release tennis_ball
[ARM] sort lift completed

==============================================
[SAFE BACKUP] POST DROP: 15 cm
[SAFE BACKUP] move speed=0.12 m/s
==============================================
[SAFE BACKUP] POST DROP: settling chassis before move
[SAFE BACKUP] POST DROP: send chassis.move()
[SAFE BACKUP] POST DROP: waiting for chassis action
[SAFE BACKUP] POST DROP: move completed
[SAFE BACKUP] POST DROP: OK
[SORT] Lateral placement complete.

==============================================
[YAW RESTORE] POST DROP
[YAW RESTORE] target=+1.52 deg
==============================================
[YAW RESTORE] attempt 1/4: current=-0.16, error=+1.68 deg
[YAW RESTORE] POST DROP: OK

[COMPLETED] DONE-1 | class=tennis_ball | zone=LEFT / TENNIS ZONE
[PROGRESS] 已分拣 1/6 | tennis_ball=1 | bottle=0
[POST DROP SEARCH] tennis_ball -> start RIGHT

============================================================
[RETURN_SEARCH] Lateral search for remaining targets
============================================================
[VISION] RETURN_SEARCH -> YOLO FORCE OFF / MARKER GATE RESTORED
机械臂 -> 远距离观察姿态 (recenter)
[ARM] recenter completed
[RETURN_SEARCH] Skip 25 cm backup: post-drop retreat already completed.
[POST DROP SEARCH] Current placement-zone detections are ignored.
[LATERAL SEARCH] Initial direction: RIGHT

[LATERAL SEARCH] RIGHT PASS: y=+0.12m/s
[LATERAL SEARCH] Placement-zone lock active: ignore objects until a black work marker is re-entered.
[LATERAL SEARCH] Work marker re-entered; new-target recognition ARMED.
[LATERAL SEARCH] Candidate tennis_ball 1/2
[LATERAL SEARCH] Candidate tennis_ball 2/2
[LATERAL SEARCH] Candidate not stable; resume strafe.
[LATERAL SEARCH] Marker absent for 1.02s -> EDGE
[LATERAL SEARCH] Direction held for 2.09s (minimum 0.8s).

============================================================
[LATERAL SEARCH] Edge #1 reached.
[LATERAL SEARCH] No target yet -> switch to LEFT.
[LATERAL SEARCH] Continuous sweep remains active.
============================================================

[LATERAL SEARCH] LEFT PASS: y=-0.12m/s
[LATERAL SEARCH] Candidate tennis_ball 1/2
[LATERAL SEARCH] Candidate tennis_ball 2/2
[LATERAL SEARCH] Candidate not stable; resume strafe.
[LATERAL SEARCH] Candidate tennis_ball 1/2
[LATERAL SEARCH] Marker absent for 1.02s -> EDGE
[LATERAL SEARCH] Direction held for 3.53s (minimum 0.8s).
[LATERAL SEARCH] Full outbound/return sweep completed with no new target.
[SEARCH] Full work-strip sweep found no new target. Task complete.

============================================================
自动分拣结束
总数        : 1
tennis_ball : 1
bottle      : 0
completed   : [{'id': 'DONE-1', 'class': 'tennis_ball', 'zone': 'LEFT / TENNIS ZONE'}]
============================================================
QObject::killTimer: Timers cannot be stopped from another thread
QObject::~QObject: Timers cannot be stopped from another thread
adam@adam-desktop:~/Team21/yjh/real_grid_sorting_v10$ bash ./run_grasp_v10.sh
============================================================
 实验三真机 V10：放置后定向搜索版
============================================================
网球放左侧后向右搜索；水瓶放右侧后向左搜索
离开放置区并重新看到黑色标记后，才接受下一个目标
直接启动完整自动任务，最多处理 6 个物体
日志：/home/adam/Team21/yjh/real_grid_sorting_v10.backup.20260919_180448/logs/grasp_v10_20260919_181926.log
============================================================

profile tennis_ball:
  visual x=314.5 y=298.5
  bbox w=98.0 h=97.9
  arm x=182.0 y=-84.0

profile bottle:
  visual x=318.8 y=356.5
  bbox w=114.0 h=277.0
  arm x=184.0 y=-21.0

加载 YOLO...
YOLO OK
连接 RoboMaster...
RoboMaster SDK OK
[YAW] attitude subscription: 1.33
[YAW] SESSION FORWARD REFERENCE: 1.33
启动视频流...

============================================================
开始多目标自动分拣
优先级：bottom_y 最大的目标优先（最近优先）
网球 -> 左侧；水瓶 -> 右侧
最多处理 6 个目标
============================================================

========== 第 1 个目标 ==========
[YAW] USE SESSION FORWARD REFERENCE: 1.33
机械臂 -> 远距离观察姿态 (recenter)
[ARM] recenter completed
[VISION] TARGET LOCKED -> YOLO FORCE ON / MARKER GATE BYPASSED
[SMOOTH] 锁定最近目标: tennis_ball，后续持续跟踪该物体

[SMOOTH 1] tennis_ball conf=0.94 | x=308.5 err=-11.5px | width=52.0 switch=60.0
[ALIGN_PREGRASP] 已接近预抓取区域，先停止前冲并横向对准。
  ALIGN: 已居中但距离还差一点，仅慢速前进 x=0.04m/s

[SMOOTH 2] tennis_ball conf=0.89 | x=306.8 err=-13.2px | width=51.5 switch=60.0
  ALIGN: 已居中但距离还差一点，仅慢速前进 x=0.04m/s

[SMOOTH 3] tennis_ball conf=0.89 | x=307.0 err=-13.0px | width=51.0 switch=60.0
  ALIGN: 已居中但距离还差一点，仅慢速前进 x=0.04m/s

[SMOOTH 4] tennis_ball conf=0.92 | x=307.2 err=-12.8px | width=52.0 switch=60.0
  ALIGN: 已居中但距离还差一点，仅慢速前进 x=0.04m/s

[SMOOTH 5] tennis_ball conf=0.90 | x=306.0 err=-14.0px | width=53.0 switch=60.0
  ALIGN: 已居中但距离还差一点，仅慢速前进 x=0.04m/s

[SMOOTH 6] tennis_ball conf=0.90 | x=305.5 err=-14.5px | width=52.5 switch=60.0
  ALIGN: 已居中但距离还差一点，仅慢速前进 x=0.04m/s

[SMOOTH 7] tennis_ball conf=0.89 | x=307.5 err=-12.5px | width=55.0 switch=60.0
  ALIGN: 已居中但距离还差一点，仅慢速前进 x=0.04m/s

[SMOOTH 8] tennis_ball conf=0.87 | x=307.5 err=-12.5px | width=56.0 switch=60.0
  ALIGN: 已居中但距离还差一点，仅慢速前进 x=0.04m/s

[SMOOTH 9] tennis_ball conf=0.87 | x=307.2 err=-12.8px | width=55.5 switch=60.0
  ALIGN: 已居中但距离还差一点，仅慢速前进 x=0.04m/s

[SMOOTH 10] tennis_ball conf=0.86 | x=306.8 err=-13.2px | width=57.5 switch=60.0
  ALIGN: 已居中但距离还差一点，仅慢速前进 x=0.04m/s

[SMOOTH 11] tennis_ball conf=0.84 | x=307.8 err=-12.2px | width=59.0 switch=60.0
  ALIGN: 已居中但距离还差一点，仅慢速前进 x=0.04m/s

[SMOOTH 12] tennis_ball conf=0.81 | x=308.5 err=-11.5px | width=60.0 switch=60.0
  ALIGN READY 1/2: |x_error|=11.5px <= 30.0, width=60.0 >= 60.0

[SMOOTH 13] tennis_ball conf=0.82 | x=309.0 err=-11.0px | width=61.0 switch=60.0
  ALIGN READY 2/2: |x_error|=11.0px <= 30.0, width=61.0 >= 60.0

==============================================
[PREGRASP] 距离和横向位置均已确认
class=tennis_ball, x_error=-11.0px, width=61.0
现在才允许停车并切换学习抓取姿态。
==============================================
进入学习抓取姿态: arm.moveto(x=182.0, y=-84.0)
[ARM] WARNING: 进入学习抓取姿态 wait_for_completed 超过 3.0s。
[ARM] 如果机械臂已经物理到位，继续进入视觉闭环，不再永久阻塞。

[PREGRASP] arm.moveto 阻塞已释放。
[PREGRASP] 机械臂已下降/到位或已超时放行，直接进入实时 CLOSE_APPROACH。

[CLOSE 1] tennis_ball conf=0.81 age=21ms
  x=307.5, ref=314.5, err=-7.0px
  y=207.8, ref=298.5, err=-90.8px
  width=68.5, ref=98.0, ratio=0.699
  ACTION: 前进 80mm

[CLOSE 2] tennis_ball conf=0.90 age=76ms
  x=304.0, ref=314.5, err=-10.5px
  y=260.2, ref=298.5, err=-38.2px
  width=83.5, ref=98.0, ratio=0.852
  ACTION: 前进 60mm

[CLOSE 3] tennis_ball conf=0.92 age=1ms
  x=299.2, ref=314.5, err=-15.2px
  y=307.0, ref=298.5, err=+8.5px
  width=99.0, ref=98.0, ratio=1.010
  ACTION: TURN 左 +3.0deg

[CLOSE 4] tennis_ball conf=0.92 age=132ms
  x=299.8, ref=314.5, err=-14.8px
  y=307.2, ref=298.5, err=+8.8px
  width=99.5, ref=98.0, ratio=1.015
  ACTION: TURN 左 +3.0deg

[CLOSE 5] tennis_ball conf=0.92 age=96ms
  x=310.2, ref=314.5, err=-4.2px
  y=307.2, ref=298.5, err=+8.8px
  width=99.5, ref=98.0, ratio=1.015

==============================================
[READY] 网球已达到成功抓取视觉状态
x_error=-4.2px, width_ratio=1.015, y_error=+8.8px
==============================================
[PRIORITY] 当前最近目标: tennis_ball
关闭夹爪并判断...
grasp result: True 快速闭合(1.6s <= 2.0s), 判定夹到物体
抓取成功，开始抬起。
物体已抬起。
[POST GRASP] Move arm to transport/observe pose before chassis retreat.
机械臂 -> 远距离观察姿态 (recenter)
[ARM] recenter completed

==============================================
[SAFE BACKUP] POST GRASP: 15 cm
[SAFE BACKUP] move speed=0.12 m/s
==============================================
[SAFE BACKUP] POST GRASP: settling chassis before move
[SAFE BACKUP] POST GRASP: send chassis.move()
[SAFE BACKUP] POST GRASP: waiting for chassis action
[SAFE BACKUP] POST GRASP: move completed
[SAFE BACKUP] POST GRASP: OK

==============================================
[YAW RESTORE] POST GRASP
[YAW RESTORE] target=+1.33 deg
==============================================
[YAW RESTORE] attempt 1/4: current=-1.96, error=+3.29 deg
[YAW RESTORE] rotate z=-3.29 deg
[YAW RESTORE] attempt 2/4: current=-0.68, error=+2.01 deg
[YAW RESTORE] POST GRASP: OK

==============================================
[SORT] tennis_ball -> LEFT / TENNIS ZONE
[SORT] Lateral movement y=-0.12m/s
==============================================

==============================================
[DROP PREP] Confirm marker before lateral movement
==============================================
[DROP PREP] Marker not visible after normal retreat.

[DROP PREP] Extra retreat 1/4: 5 cm

==============================================
[SAFE BACKUP] DROP MARKER REACQUIRE 1: 5 cm
[SAFE BACKUP] move speed=0.12 m/s
==============================================
[SAFE BACKUP] DROP MARKER REACQUIRE 1: settling chassis before move
[SAFE BACKUP] DROP MARKER REACQUIRE 1: send chassis.move()
[SAFE BACKUP] DROP MARKER REACQUIRE 1: waiting for chassis action
[SAFE BACKUP] DROP MARKER REACQUIRE 1: move completed
[SAFE BACKUP] DROP MARKER REACQUIRE 1: OK
[DROP PREP] Marker reacquired. Lateral movement allowed.
[DROP STRAFE] marker absent 0.00/1.50s
[DROP STRAFE] marker absent 0.05/1.50s
[DROP STRAFE] marker absent 0.10/1.50s
[DROP STRAFE] marker absent 0.15/1.50s
[DROP STRAFE] marker absent 0.20/1.50s
[DROP STRAFE] marker absent 0.26/1.50s
[DROP STRAFE] marker absent 0.31/1.50s
[DROP STRAFE] marker absent 0.36/1.50s
[DROP STRAFE] marker absent 0.41/1.50s
[DROP STRAFE] marker absent 0.46/1.50s
[DROP STRAFE] marker absent 0.51/1.50s
[DROP STRAFE] marker absent 0.56/1.50s
[DROP STRAFE] marker absent 0.61/1.50s
[DROP STRAFE] marker absent 0.67/1.50s
[DROP STRAFE] marker absent 0.72/1.50s
[DROP STRAFE] marker absent 0.77/1.50s
[DROP STRAFE] marker absent 0.82/1.50s
[DROP STRAFE] marker absent 0.87/1.50s
[DROP STRAFE] marker absent 0.92/1.50s
[DROP STRAFE] marker absent 0.00/1.50s
[DROP STRAFE] marker absent 0.05/1.50s
[DROP STRAFE] marker absent 0.10/1.50s
[DROP STRAFE] marker absent 0.00/1.50s
[DROP STRAFE] marker absent 0.05/1.50s
[DROP STRAFE] marker absent 0.10/1.50s
[DROP STRAFE] marker absent 0.15/1.50s
[DROP STRAFE] marker absent 0.20/1.50s
[DROP STRAFE] marker absent 0.26/1.50s
[DROP STRAFE] marker absent 0.31/1.50s
[DROP STRAFE] marker absent 0.36/1.50s
[DROP STRAFE] marker absent 0.41/1.50s
[DROP STRAFE] marker absent 0.46/1.50s
[DROP STRAFE] marker absent 0.51/1.50s
[DROP STRAFE] marker absent 0.56/1.50s
[DROP STRAFE] marker absent 0.62/1.50s
[DROP STRAFE] marker absent 0.67/1.50s
[DROP STRAFE] marker absent 0.72/1.50s
[DROP STRAFE] marker absent 0.77/1.50s
[DROP STRAFE] marker absent 0.82/1.50s
[DROP STRAFE] marker absent 0.87/1.50s
[DROP STRAFE] marker absent 0.93/1.50s
[DROP STRAFE] marker absent 0.98/1.50s
[DROP STRAFE] marker absent 1.03/1.50s
[DROP STRAFE] marker absent 1.08/1.50s
[DROP STRAFE] marker absent 1.13/1.50s
[DROP STRAFE] marker absent 1.18/1.50s
[DROP STRAFE] marker absent 1.23/1.50s
[DROP STRAFE] marker absent 1.29/1.50s
[DROP STRAFE] marker absent 1.34/1.50s
[DROP STRAFE] marker absent 1.39/1.50s
[DROP STRAFE] marker absent 1.44/1.50s
[DROP STRAFE] marker absent 1.49/1.50s
[DROP STRAFE] marker absent 1.54/1.50s
[DROP STRAFE] Edge confirmed.
[SORT] Marker absent for 1.5s.
[SORT] Stop lateral motion and release object.

==============================================
[SORT] tennis_ball drop forward 15 cm
==============================================
[SORT] Stop lateral motion before forward offset.
[SORT] Forward speed=0.12 m/s, time=1.25s
[SORT] Drop forward offset complete.
[ARM] WARNING: sort lower wait_for_completed 超过 3.0s。
[ARM] 如果机械臂已经物理到位，继续进入视觉闭环，不再永久阻塞。
[SORT] Release tennis_ball
[ARM] sort lift completed

==============================================
[SAFE BACKUP] POST DROP: 15 cm
[SAFE BACKUP] move speed=0.12 m/s
==============================================
[SAFE BACKUP] POST DROP: settling chassis before move
[SAFE BACKUP] POST DROP: send chassis.move()
[SAFE BACKUP] POST DROP: waiting for chassis action
[SAFE BACKUP] POST DROP: move completed
[SAFE BACKUP] POST DROP: OK
[SORT] Lateral placement complete.

==============================================
[YAW RESTORE] POST DROP
[YAW RESTORE] target=+1.33 deg
==============================================
[YAW RESTORE] attempt 1/4: current=-0.12, error=+1.45 deg
[YAW RESTORE] POST DROP: OK

[COMPLETED] DONE-1 | class=tennis_ball | zone=LEFT / TENNIS ZONE
[PROGRESS] 已分拣 1/6 | tennis_ball=1 | bottle=0
[POST DROP SEARCH] tennis_ball -> start RIGHT

============================================================
[RETURN_SEARCH] Lateral search for remaining targets
============================================================
[VISION] RETURN_SEARCH -> YOLO FORCE OFF / MARKER GATE RESTORED
机械臂 -> 远距离观察姿态 (recenter)
[ARM] recenter completed
[RETURN_SEARCH] Skip 25 cm backup: post-drop retreat already completed.
[POST DROP SEARCH] Current placement-zone detections are ignored.
[LATERAL SEARCH] Initial direction: RIGHT

[LATERAL SEARCH] RIGHT PASS: y=+0.12m/s
[LATERAL SEARCH] Placement-zone lock active: ignore objects until a black work marker is re-entered.
[LATERAL SEARCH] Work marker re-entered; new-target recognition ARMED.
[LATERAL SEARCH] Candidate tennis_ball 1/2
[LATERAL SEARCH] Candidate bottle 1/2
[LATERAL SEARCH] Candidate bottle 2/2
[LATERAL SEARCH] TARGET FOUND: bottle bottom_y=347.8
[LATERAL SEARCH] Target confirmed. Stop continuous sweep.

========== 第 2 个目标 ==========
[YAW] USE SESSION FORWARD REFERENCE: 1.33
机械臂 -> 远距离观察姿态 (recenter)
[ARM] recenter completed
[VISION] TARGET LOCKED -> YOLO FORCE ON / MARKER GATE BYPASSED
[SMOOTH] 锁定最近目标: bottle，后续持续跟踪该物体

[SMOOTH 1] bottle conf=0.52 | x=443.5 err=+123.5px | height=264.5 switch=170.0
[ALIGN_PREGRASP] 已接近预抓取区域，先停止前冲并横向对准。
  ALIGN: 目标偏右 +123.5px，原地转向 z=+5.0deg/s，不前进

[SMOOTH 2] bottle conf=0.54 | x=443.0 err=+123.0px | height=265.0 switch=170.0
  ALIGN: 目标偏右 +123.0px，原地转向 z=+10.0deg/s，不前进

[SMOOTH 3] bottle conf=0.54 | x=442.5 err=+122.5px | height=267.8 switch=170.0
  ALIGN: 目标偏右 +122.5px，原地转向 z=+15.0deg/s，不前进

[SMOOTH 4] bottle conf=0.88 | x=436.8 err=+116.8px | height=172.6 switch=170.0
  ALIGN: 目标偏右 +116.8px，原地转向 z=+18.0deg/s，不前进

[SMOOTH 5] bottle conf=0.90 | x=421.0 err=+101.0px | height=171.0 switch=170.0
  ALIGN: 目标偏右 +101.0px，原地转向 z=+18.0deg/s，不前进

[SMOOTH 6] bottle conf=0.88 | x=402.0 err=+82.0px | height=172.5 switch=170.0
  ALIGN: 目标偏右 +82.0px，原地转向 z=+13.0deg/s，不前进

[SMOOTH 7] bottle conf=0.86 | x=382.5 err=+62.5px | height=171.9 switch=170.0
  ALIGN: 目标偏右 +62.5px，原地转向 z=+10.0deg/s，不前进

[SMOOTH 8] bottle conf=0.87 | x=363.8 err=+43.8px | height=167.0 switch=170.0
  ALIGN: 目标偏右 +43.8px，原地转向 z=+6.0deg/s，不前进

[SMOOTH 9] bottle conf=0.87 | x=354.5 err=+34.5px | height=171.5 switch=170.0
  ALIGN: 目标偏右 +34.5px，原地转向 z=+6.0deg/s，不前进

[SMOOTH 10] bottle conf=0.89 | x=347.5 err=+27.5px | height=170.0 switch=170.0
  ALIGN READY 1/2: |x_error|=27.5px <= 30.0, height=170.0 >= 170.0

[SMOOTH 11] bottle conf=0.87 | x=339.5 err=+19.5px | height=171.5 switch=170.0
  ALIGN READY 2/2: |x_error|=19.5px <= 30.0, height=171.5 >= 170.0

==============================================
[PREGRASP] 距离和横向位置均已确认
class=bottle, x_error=+19.5px, height=171.5
现在才允许停车并切换学习抓取姿态。
==============================================
进入学习抓取姿态: arm.moveto(x=184.0, y=-21.0)
[ARM] WARNING: 进入学习抓取姿态 wait_for_completed 超过 3.0s。
[ARM] 如果机械臂已经物理到位，继续进入视觉闭环，不再永久阻塞。

[PREGRASP] arm.moveto 阻塞已释放。
[PREGRASP] 机械臂已下降/到位或已超时放行，直接进入实时 CLOSE_APPROACH。

[CLOSE 1] bottle conf=0.74 age=21ms
  x=334.0, ref=318.8, err=+15.2px
  y=220.0, ref=356.5, err=-136.5px
  height=178.8, ref=277.0, ratio=0.645
  ACTION: TURN 右 -3.0deg

[CLOSE 2] bottle conf=0.77 age=145ms
  x=334.0, ref=318.8, err=+15.2px
  y=220.2, ref=356.5, err=-136.2px
  height=178.8, ref=277.0, ratio=0.645
  ACTION: TURN 右 -3.0deg

[CLOSE 3] bottle conf=0.76 age=113ms
  x=318.5, ref=318.8, err=-0.2px
  y=220.5, ref=356.5, err=-136.0px
  height=179.0, ref=277.0, ratio=0.646
  ACTION: 前进 80mm (h=179.0, bottom_y=220.5)
[BOTTLE CLOSE FALLBACK] forward=8.0cm, near=False

[CLOSE 4] bottle conf=0.88 age=143ms
  x=305.0, ref=318.8, err=-13.8px
  y=245.5, ref=356.5, err=-111.0px
  height=202.0, ref=277.0, ratio=0.729
  ACTION: TURN 左 +3.0deg

[CLOSE 5] bottle conf=0.87 age=108ms
  x=305.5, ref=318.8, err=-13.2px
  y=253.0, ref=356.5, err=-103.5px
  height=209.6, ref=277.0, ratio=0.757
  ACTION: TURN 左 +3.0deg

[CLOSE 6] bottle conf=0.90 age=76ms
  x=322.0, ref=318.8, err=+3.2px
  y=253.8, ref=356.5, err=-102.8px
  height=207.0, ref=277.0, ratio=0.747
  ACTION: 前进 80mm (h=207.0, bottom_y=253.8)
[BOTTLE CLOSE FALLBACK] forward=16.0cm, near=False

[CLOSE 7] bottle conf=0.91 age=88ms
  x=328.0, ref=318.8, err=+9.2px
  y=295.2, ref=356.5, err=-61.2px
  height=244.0, ref=277.0, ratio=0.881
  ACTION: 前进 60mm (h=244.0, bottom_y=295.2)
[BOTTLE CLOSE FALLBACK] forward=22.0cm, near=False
[BOTTLE CLOSE FALLBACK] Near bottle confirmed: height=261.5px

[CLOSE 8] bottle conf=0.95 age=66ms
  x=339.5, ref=318.8, err=+20.8px
  y=326.5, ref=356.5, err=-30.0px
  height=261.5, ref=277.0, ratio=0.944
  ACTION: TURN 右 -3.0deg

[CLOSE 9] bottle conf=0.94 age=32ms
  x=327.0, ref=318.8, err=+8.2px
  y=325.8, ref=356.5, err=-30.8px
  height=261.5, ref=277.0, ratio=0.944
  ACTION: 前进 40mm (h=261.5, bottom_y=325.8)
[BOTTLE CLOSE FALLBACK] forward=26.0cm, near=True

[CLOSE 10] bottle conf=0.94 age=78ms
  x=327.0, ref=318.8, err=+8.2px
  y=327.2, ref=356.5, err=-29.2px
  height=260.5, ref=277.0, ratio=0.940
  ACTION: 前进 40mm (h=260.5, bottom_y=327.2)
[BOTTLE SAFETY] Clamp final forward step from 0.040m to 0.040m

==============================================
[BOTTLE SAFETY] 0.30 m forward ceiling reached.
Forward distance = 0.300 m
Stop chassis and attempt grasp now.
==============================================
[PRIORITY] 当前最近目标: bottle
WARN: bottle 暂时沿用网球夹爪判定参数。
关闭夹爪并判断...
grasp result: True 快速闭合(1.4s <= 2.0s), 判定夹到物体
抓取成功，开始抬起。
物体已抬起。
[POST GRASP] Move arm to transport/observe pose before chassis retreat.
机械臂 -> 远距离观察姿态 (recenter)
[ARM] recenter completed

==============================================
[SAFE BACKUP] POST GRASP: 15 cm
[SAFE BACKUP] move speed=0.12 m/s
==============================================
[SAFE BACKUP] POST GRASP: settling chassis before move
[SAFE BACKUP] POST GRASP: send chassis.move()
[SAFE BACKUP] POST GRASP: waiting for chassis action
[SAFE BACKUP] POST GRASP: move completed
[SAFE BACKUP] POST GRASP: OK

==============================================
[YAW RESTORE] POST GRASP
[YAW RESTORE] target=+1.33 deg
==============================================
[YAW RESTORE] attempt 1/4: current=+20.78, error=-19.45 deg
[YAW RESTORE] rotate z=+12.00 deg
[YAW RESTORE] attempt 2/4: current=+10.62, error=-9.29 deg
[YAW RESTORE] rotate z=+9.29 deg
[YAW RESTORE] attempt 3/4: current=+3.42, error=-2.09 deg
[YAW RESTORE] POST GRASP: OK

==============================================
[SORT] bottle -> RIGHT / BOTTLE ZONE
[SORT] Lateral movement y=+0.12m/s
==============================================

==============================================
[DROP PREP] Confirm marker before lateral movement
==============================================
[DROP PREP] Marker not visible after normal retreat.

[DROP PREP] Extra retreat 1/4: 5 cm

==============================================
[SAFE BACKUP] DROP MARKER REACQUIRE 1: 5 cm
[SAFE BACKUP] move speed=0.12 m/s
==============================================
[SAFE BACKUP] DROP MARKER REACQUIRE 1: settling chassis before move
[SAFE BACKUP] DROP MARKER REACQUIRE 1: send chassis.move()
[SAFE BACKUP] DROP MARKER REACQUIRE 1: waiting for chassis action
[SAFE BACKUP] DROP MARKER REACQUIRE 1: move completed
[SAFE BACKUP] DROP MARKER REACQUIRE 1: OK
[DROP PREP] Marker reacquired. Lateral movement allowed.
[DROP STRAFE] marker absent 0.00/1.50s
[DROP STRAFE] marker absent 0.05/1.50s
[DROP STRAFE] marker absent 0.10/1.50s
[DROP STRAFE] marker absent 0.00/1.50s
[DROP STRAFE] marker absent 0.05/1.50s
[DROP STRAFE] marker absent 0.10/1.50s
[DROP STRAFE] marker absent 0.15/1.50s
[DROP STRAFE] marker absent 0.21/1.50s
[DROP STRAFE] marker absent 0.26/1.50s
[DROP STRAFE] marker absent 0.31/1.50s
[DROP STRAFE] marker absent 0.00/1.50s
[DROP STRAFE] marker absent 0.05/1.50s
[DROP STRAFE] marker absent 0.10/1.50s
[DROP STRAFE] marker absent 0.15/1.50s
[DROP STRAFE] marker absent 0.21/1.50s
[DROP STRAFE] marker absent 0.26/1.50s
[DROP STRAFE] marker absent 0.31/1.50s
[DROP STRAFE] marker absent 0.36/1.50s
[DROP STRAFE] marker absent 0.41/1.50s
[DROP STRAFE] marker absent 0.00/1.50s
[DROP STRAFE] marker absent 0.05/1.50s
[DROP STRAFE] marker absent 0.10/1.50s
[DROP STRAFE] marker absent 0.15/1.50s
[DROP STRAFE] marker absent 0.21/1.50s
[DROP STRAFE] marker absent 0.26/1.50s
[DROP STRAFE] marker absent 0.31/1.50s
[DROP STRAFE] marker absent 0.36/1.50s
[DROP STRAFE] marker absent 0.41/1.50s
[DROP STRAFE] marker absent 0.46/1.50s
[DROP STRAFE] marker absent 0.51/1.50s
[DROP STRAFE] marker absent 0.56/1.50s
[DROP STRAFE] marker absent 0.62/1.50s
[DROP STRAFE] marker absent 0.67/1.50s
[DROP STRAFE] marker absent 0.72/1.50s
[DROP STRAFE] marker absent 0.77/1.50s
[DROP STRAFE] marker absent 0.00/1.50s
[DROP STRAFE] marker absent 0.05/1.50s
[DROP STRAFE] marker absent 0.10/1.50s
[DROP STRAFE] marker absent 0.15/1.50s
[DROP STRAFE] marker absent 0.20/1.50s
[DROP STRAFE] marker absent 0.26/1.50s
[DROP STRAFE] marker absent 0.31/1.50s
[DROP STRAFE] marker absent 0.36/1.50s
[DROP STRAFE] marker absent 0.41/1.50s
[DROP STRAFE] marker absent 0.46/1.50s
[DROP STRAFE] marker absent 0.00/1.50s
[DROP STRAFE] marker absent 0.05/1.50s
[DROP STRAFE] marker absent 0.10/1.50s
[DROP STRAFE] marker absent 0.15/1.50s
[DROP STRAFE] marker absent 0.21/1.50s
[DROP STRAFE] marker absent 0.26/1.50s
[DROP STRAFE] marker absent 0.31/1.50s
[DROP STRAFE] marker absent 0.36/1.50s
[DROP STRAFE] marker absent 0.41/1.50s
[DROP STRAFE] marker absent 0.00/1.50s
[DROP STRAFE] marker absent 0.05/1.50s
[DROP STRAFE] marker absent 0.10/1.50s
[DROP STRAFE] marker absent 0.15/1.50s
[DROP STRAFE] marker absent 0.21/1.50s
[DROP STRAFE] marker absent 0.26/1.50s
[DROP STRAFE] marker absent 0.31/1.50s
[DROP STRAFE] marker absent 0.36/1.50s
[DROP STRAFE] marker absent 0.41/1.50s
[DROP STRAFE] marker absent 0.46/1.50s
[DROP STRAFE] marker absent 0.51/1.50s
[DROP STRAFE] marker absent 0.56/1.50s
[DROP STRAFE] marker absent 0.62/1.50s
[DROP STRAFE] marker absent 0.67/1.50s
[DROP STRAFE] marker absent 0.72/1.50s
[DROP STRAFE] marker absent 0.77/1.50s
[DROP STRAFE] marker absent 0.82/1.50s
[DROP STRAFE] marker absent 0.87/1.50s
[DROP STRAFE] marker absent 0.92/1.50s
[DROP STRAFE] marker absent 0.97/1.50s
[DROP STRAFE] marker absent 1.03/1.50s
[DROP STRAFE] marker absent 1.08/1.50s
[DROP STRAFE] marker absent 1.13/1.50s
[DROP STRAFE] marker absent 1.18/1.50s
[DROP STRAFE] marker absent 1.23/1.50s
[DROP STRAFE] marker absent 1.28/1.50s
[DROP STRAFE] marker absent 1.33/1.50s
[DROP STRAFE] marker absent 1.39/1.50s
[DROP STRAFE] marker absent 1.44/1.50s
[DROP STRAFE] marker absent 1.49/1.50s
[DROP STRAFE] marker absent 1.54/1.50s
[DROP STRAFE] Edge confirmed.
[SORT] Marker absent for 1.5s.
[SORT] Stop lateral motion and release object.

==============================================
[SORT] bottle drop forward 15 cm
==============================================
[SORT] Stop lateral motion before forward offset.
[SORT] Forward speed=0.12 m/s, time=1.25s
[SORT] Drop forward offset complete.
[ARM] WARNING: sort lower wait_for_completed 超过 3.0s。
[ARM] 如果机械臂已经物理到位，继续进入视觉闭环，不再永久阻塞。
[SORT] Release bottle
[ARM] sort lift completed

==============================================
[SAFE BACKUP] POST DROP: 15 cm
[SAFE BACKUP] move speed=0.12 m/s
==============================================
[SAFE BACKUP] POST DROP: settling chassis before move
[SAFE BACKUP] POST DROP: send chassis.move()
[SAFE BACKUP] POST DROP: waiting for chassis action
[SAFE BACKUP] POST DROP: move completed
[SAFE BACKUP] POST DROP: OK
[SORT] Lateral placement complete.

==============================================
[YAW RESTORE] POST DROP
[YAW RESTORE] target=+1.33 deg
==============================================
[YAW RESTORE] attempt 1/4: current=+4.35, error=-3.02 deg
[YAW RESTORE] rotate z=+3.02 deg
[YAW RESTORE] attempt 2/4: current=+3.44, error=-2.11 deg
[YAW RESTORE] POST DROP: OK

[COMPLETED] DONE-2 | class=bottle | zone=RIGHT / BOTTLE ZONE
[PROGRESS] 已分拣 2/6 | tennis_ball=1 | bottle=1
[POST DROP SEARCH] bottle -> start LEFT

============================================================
[RETURN_SEARCH] Lateral search for remaining targets
============================================================
[VISION] RETURN_SEARCH -> YOLO FORCE OFF / MARKER GATE RESTORED
机械臂 -> 远距离观察姿态 (recenter)
[ARM] recenter completed
[RETURN_SEARCH] Skip 25 cm backup: post-drop retreat already completed.
[POST DROP SEARCH] Current placement-zone detections are ignored.
[LATERAL SEARCH] Initial direction: LEFT

[LATERAL SEARCH] LEFT PASS: y=-0.12m/s
[LATERAL SEARCH] Placement-zone lock active: ignore objects until a black work marker is re-entered.
[LATERAL SEARCH] Work marker re-entered; new-target recognition ARMED.
[LATERAL SEARCH] Candidate bottle 1/2
[LATERAL SEARCH] Candidate bottle 2/2
[LATERAL SEARCH] Candidate not stable; resume strafe.
[LATERAL SEARCH] Candidate bottle 1/2
[LATERAL SEARCH] Candidate bottle 1/2
[LATERAL SEARCH] Candidate bottle 2/2
[LATERAL SEARCH] TARGET FOUND: bottle bottom_y=324.5
[LATERAL SEARCH] Target confirmed. Stop continuous sweep.

========== 第 3 个目标 ==========
[YAW] USE SESSION FORWARD REFERENCE: 1.33
机械臂 -> 远距离观察姿态 (recenter)
[ARM] recenter completed
[VISION] TARGET LOCKED -> YOLO FORCE ON / MARKER GATE BYPASSED
[SMOOTH] 锁定最近目标: bottle，后续持续跟踪该物体

[SMOOTH 1] bottle conf=0.44 | x=360.5 err=+40.5px | height=226.2 switch=170.0
[ALIGN_PREGRASP] 已接近预抓取区域，先停止前冲并横向对准。
  ALIGN: 目标偏右 +40.5px，原地转向 z=+5.0deg/s，不前进

[SMOOTH 2] bottle conf=0.45 | x=358.8 err=+38.8px | height=208.8 switch=170.0
  ALIGN: 目标偏右 +38.8px，原地转向 z=+6.0deg/s，不前进

[SMOOTH 3] bottle conf=0.51 | x=359.0 err=+39.0px | height=178.2 switch=170.0
  ALIGN: 目标偏右 +39.0px，原地转向 z=+6.0deg/s，不前进

[SMOOTH 4] bottle conf=0.66 | x=352.8 err=+32.8px | height=179.4 switch=170.0
  ALIGN: 目标偏右 +32.8px，原地转向 z=+6.0deg/s，不前进

[SMOOTH 5] bottle conf=0.39 | x=351.0 err=+31.0px | height=201.2 switch=170.0
  ALIGN: 目标偏右 +31.0px，原地转向 z=+6.0deg/s，不前进

[SMOOTH 6] bottle conf=0.30 | x=345.0 err=+25.0px | height=214.0 switch=170.0
  ALIGN READY 1/2: |x_error|=25.0px <= 30.0, height=214.0 >= 170.0

[SMOOTH 7] bottle conf=0.52 | x=336.0 err=+16.0px | height=191.9 switch=170.0
  ALIGN READY 2/2: |x_error|=16.0px <= 30.0, height=191.9 >= 170.0

==============================================
[PREGRASP] 距离和横向位置均已确认
class=bottle, x_error=+16.0px, height=191.9
现在才允许停车并切换学习抓取姿态。
==============================================
进入学习抓取姿态: arm.moveto(x=184.0, y=-21.0)
[ARM] WARNING: 进入学习抓取姿态 wait_for_completed 超过 3.0s。
[ARM] 如果机械臂已经物理到位，继续进入视觉闭环，不再永久阻塞。

[PREGRASP] arm.moveto 阻塞已释放。
[PREGRASP] 机械臂已下降/到位或已超时放行，直接进入实时 CLOSE_APPROACH。

[CLOSE 1] bottle conf=0.84 age=17ms
  x=339.8, ref=318.8, err=+21.0px
  y=239.8, ref=356.5, err=-116.8px
  height=198.8, ref=277.0, ratio=0.718
  ACTION: TURN 右 -3.0deg

[CLOSE 2] bottle conf=0.81 age=144ms
  x=340.5, ref=318.8, err=+21.8px
  y=248.2, ref=356.5, err=-108.2px
  height=207.5, ref=277.0, ratio=0.749
  ACTION: TURN 右 -3.0deg

[CLOSE 3] bottle conf=0.60 age=111ms
  x=323.5, ref=318.8, err=+4.8px
  y=254.5, ref=356.5, err=-102.0px
  height=214.1, ref=277.0, ratio=0.773
  ACTION: 前进 80mm (h=214.1, bottom_y=254.5)
[BOTTLE CLOSE FALLBACK] forward=8.0cm, near=False

[CLOSE 4] bottle conf=0.49 age=59ms
  x=317.8, ref=318.8, err=-1.0px
  y=277.8, ref=356.5, err=-78.8px
  height=239.5, ref=277.0, ratio=0.865
  ACTION: 前进 80mm (h=239.5, bottom_y=277.8)
[BOTTLE CLOSE FALLBACK] forward=16.0cm, near=False

[CLOSE 5] bottle conf=0.89 age=26ms
  x=316.0, ref=318.8, err=-2.8px
  y=253.5, ref=356.5, err=-103.0px
  height=202.2, ref=277.0, ratio=0.730
  ACTION: 前进 80mm (h=202.2, bottom_y=253.5)
[BOTTLE CLOSE FALLBACK] forward=24.0cm, near=False

[CLOSE 6] bottle conf=0.92 age=12ms
  x=314.2, ref=318.8, err=-4.5px
  y=289.8, ref=356.5, err=-66.8px
  height=232.5, ref=277.0, ratio=0.839
  ACTION: 前进 80mm (h=232.5, bottom_y=289.8)
[BOTTLE SAFETY] Clamp final forward step from 0.080m to 0.060m

==============================================
[BOTTLE SAFETY] 0.30 m forward ceiling reached.
Forward distance = 0.300 m
Stop chassis and attempt grasp now.
==============================================
[PRIORITY] 当前最近目标: bottle
WARN: bottle 暂时沿用网球夹爪判定参数。
关闭夹爪并判断...
grasp result: False 缓慢闭合(2.0s > 2.0s), 走满行程, 未夹到物体
[GRASP] 本次抓取失败，抬回观察姿态后继续寻找。
机械臂 -> 远距离观察姿态 (recenter)
[ARM] recenter completed

==============================================
[SAFE BACKUP] GRASP FAIL: 15 cm
[SAFE BACKUP] move speed=0.12 m/s
==============================================
[SAFE BACKUP] GRASP FAIL: settling chassis before move
[SAFE BACKUP] GRASP FAIL: send chassis.move()
[SAFE BACKUP] GRASP FAIL: waiting for chassis action
[SAFE BACKUP] GRASP FAIL: move completed
[SAFE BACKUP] GRASP FAIL: OK

========== 第 3 个目标 ==========
[YAW] USE SESSION FORWARD REFERENCE: 1.33
机械臂 -> 远距离观察姿态 (recenter)
[ARM] recenter completed
[VISION] TARGET LOCKED -> YOLO FORCE ON / MARKER GATE BYPASSED
[SMOOTH] 锁定最近目标: bottle，后续持续跟踪该物体

[SMOOTH 1] bottle conf=0.87 | x=316.0 err=-4.0px | height=154.2 switch=170.0
[ALIGN_PREGRASP] 已接近预抓取区域，先停止前冲并横向对准。
  ALIGN: 已居中但距离还差一点，仅慢速前进 x=0.04m/s

[SMOOTH 2] bottle conf=0.88 | x=315.8 err=-4.2px | height=155.0 switch=170.0
  ALIGN: 已居中但距离还差一点，仅慢速前进 x=0.04m/s

[SMOOTH 3] bottle conf=0.88 | x=316.0 err=-4.0px | height=154.9 switch=170.0
  ALIGN: 已居中但距离还差一点，仅慢速前进 x=0.04m/s

[SMOOTH 4] bottle conf=0.89 | x=315.0 err=-5.0px | height=156.0 switch=170.0
  ALIGN: 已居中但距离还差一点，仅慢速前进 x=0.04m/s

[SMOOTH 5] bottle conf=0.89 | x=316.5 err=-3.5px | height=158.6 switch=170.0
  ALIGN: 已居中但距离还差一点，仅慢速前进 x=0.04m/s

[SMOOTH 6] bottle conf=0.90 | x=317.0 err=-3.0px | height=159.1 switch=170.0
  ALIGN: 已居中但距离还差一点，仅慢速前进 x=0.04m/s

[SMOOTH 7] bottle conf=0.92 | x=317.2 err=-2.8px | height=159.8 switch=170.0
  ALIGN: 已居中但距离还差一点，仅慢速前进 x=0.04m/s

[SMOOTH 8] bottle conf=0.90 | x=316.0 err=-4.0px | height=160.6 switch=170.0
  ALIGN: 已居中但距离还差一点，仅慢速前进 x=0.04m/s

[SMOOTH 9] bottle conf=0.88 | x=316.5 err=-3.5px | height=164.2 switch=170.0
  ALIGN: 已居中但距离还差一点，仅慢速前进 x=0.04m/s

[SMOOTH 10] bottle conf=0.90 | x=317.8 err=-2.2px | height=166.4 switch=170.0
  ALIGN: 已居中但距离还差一点，仅慢速前进 x=0.04m/s

[SMOOTH 11] bottle conf=0.89 | x=317.0 err=-3.0px | height=172.0 switch=170.0
  ALIGN READY 1/2: |x_error|=3.0px <= 30.0, height=172.0 >= 170.0

[SMOOTH 12] bottle conf=0.90 | x=317.0 err=-3.0px | height=173.4 switch=170.0
  ALIGN READY 2/2: |x_error|=3.0px <= 30.0, height=173.4 >= 170.0

==============================================
[PREGRASP] 距离和横向位置均已确认
class=bottle, x_error=-3.0px, height=173.4
现在才允许停车并切换学习抓取姿态。
==============================================
进入学习抓取姿态: arm.moveto(x=184.0, y=-21.0)
[ARM] WARNING: 进入学习抓取姿态 wait_for_completed 超过 3.0s。
[ARM] 如果机械臂已经物理到位，继续进入视觉闭环，不再永久阻塞。

[PREGRASP] arm.moveto 阻塞已释放。
[PREGRASP] 机械臂已下降/到位或已超时放行，直接进入实时 CLOSE_APPROACH。

[CLOSE 1] bottle conf=0.91 age=22ms
  x=318.2, ref=318.8, err=-0.5px
  y=232.9, ref=356.5, err=-123.6px
  height=185.0, ref=277.0, ratio=0.668
  ACTION: 前进 80mm (h=185.0, bottom_y=232.9)
[BOTTLE CLOSE FALLBACK] forward=8.0cm, near=False

[CLOSE 2] bottle conf=0.86 age=160ms
  x=320.5, ref=318.8, err=+1.8px
  y=307.5, ref=356.5, err=-49.0px
  height=253.9, ref=277.0, ratio=0.917
  ACTION: 前进 60mm (h=253.9, bottom_y=307.5)
[BOTTLE CLOSE FALLBACK] forward=14.0cm, near=False

[CLOSE 3] bottle conf=0.94 age=104ms
  x=322.0, ref=318.8, err=+3.2px
  y=300.0, ref=356.5, err=-56.5px
  height=240.2, ref=277.0, ratio=0.867
  ACTION: 前进 60mm (h=240.2, bottom_y=300.0)
[BOTTLE CLOSE FALLBACK] forward=20.0cm, near=False

[CLOSE 4] bottle conf=0.94 age=83ms
  x=320.5, ref=318.8, err=+1.8px
  y=325.0, ref=356.5, err=-31.5px
  height=258.0, ref=277.0, ratio=0.931
  ACTION: 前进 60mm (h=258.0, bottom_y=325.0)
[BOTTLE CLOSE FALLBACK] forward=26.0cm, near=False

[CLOSE 5] bottle conf=0.87 age=3ms
  x=322.0, ref=318.8, err=+3.2px
  y=331.0, ref=356.5, err=-25.5px
  height=252.2, ref=277.0, ratio=0.911
  ACTION: 前进 60mm (h=252.2, bottom_y=331.0)
[BOTTLE SAFETY] Clamp final forward step from 0.060m to 0.040m

==============================================
[BOTTLE SAFETY] 0.30 m forward ceiling reached.
Forward distance = 0.300 m
Stop chassis and attempt grasp now.
==============================================
[PRIORITY] 当前最近目标: bottle
WARN: bottle 暂时沿用网球夹爪判定参数。
关闭夹爪并判断...
grasp result: True 快速闭合(1.2s <= 2.0s), 判定夹到物体
抓取成功，开始抬起。
物体已抬起。
[POST GRASP] Move arm to transport/observe pose before chassis retreat.
机械臂 -> 远距离观察姿态 (recenter)
[ARM] recenter completed

==============================================
[SAFE BACKUP] POST GRASP: 15 cm
[SAFE BACKUP] move speed=0.12 m/s
==============================================
[SAFE BACKUP] POST GRASP: settling chassis before move
[SAFE BACKUP] POST GRASP: send chassis.move()
[SAFE BACKUP] POST GRASP: waiting for chassis action
[SAFE BACKUP] POST GRASP: move completed
[SAFE BACKUP] POST GRASP: OK

==============================================
[YAW RESTORE] POST GRASP
[YAW RESTORE] target=+1.33 deg
==============================================
[YAW RESTORE] attempt 1/4: current=+10.77, error=-9.44 deg
[YAW RESTORE] rotate z=+9.44 deg
[YAW RESTORE] attempt 2/4: current=+3.13, error=-1.80 deg
[YAW RESTORE] POST GRASP: OK

==============================================
[SORT] bottle -> RIGHT / BOTTLE ZONE
[SORT] Lateral movement y=+0.12m/s
==============================================

==============================================
[DROP PREP] Confirm marker before lateral movement
==============================================
[DROP PREP] Marker visible. Lateral movement allowed.
[DROP STRAFE] marker absent 0.00/1.50s
[DROP STRAFE] marker absent 0.05/1.50s
[DROP STRAFE] marker absent 0.10/1.50s
[DROP STRAFE] marker absent 0.15/1.50s
[DROP STRAFE] marker absent 0.20/1.50s
[DROP STRAFE] marker absent 0.26/1.50s
[DROP STRAFE] marker absent 0.31/1.50s
[DROP STRAFE] marker absent 0.36/1.50s
[DROP STRAFE] marker absent 0.41/1.50s
[DROP STRAFE] marker absent 0.46/1.50s
[DROP STRAFE] marker absent 0.51/1.50s
[DROP STRAFE] marker absent 0.56/1.50s
[DROP STRAFE] marker absent 0.61/1.50s
[DROP STRAFE] marker absent 0.66/1.50s
[DROP STRAFE] marker absent 0.72/1.50s
[DROP STRAFE] marker absent 0.77/1.50s
[DROP STRAFE] marker absent 0.82/1.50s
[DROP STRAFE] marker absent 0.87/1.50s
[DROP STRAFE] marker absent 0.92/1.50s
[DROP STRAFE] marker absent 0.97/1.50s
[DROP STRAFE] marker absent 1.02/1.50s
[DROP STRAFE] marker absent 1.07/1.50s
[DROP STRAFE] marker absent 1.13/1.50s
[DROP STRAFE] marker absent 1.18/1.50s
[DROP STRAFE] marker absent 1.23/1.50s
[DROP STRAFE] marker absent 1.28/1.50s
[DROP STRAFE] marker absent 1.33/1.50s
[DROP STRAFE] marker absent 1.38/1.50s
[DROP STRAFE] marker absent 1.43/1.50s
[DROP STRAFE] marker absent 1.48/1.50s
[DROP STRAFE] marker absent 1.54/1.50s
[DROP STRAFE] Edge confirmed.
[SORT] Marker absent for 1.5s.
[SORT] Stop lateral motion and release object.

==============================================
[SORT] bottle drop forward 15 cm
==============================================
[SORT] Stop lateral motion before forward offset.
[SORT] Forward speed=0.12 m/s, time=1.25s
[SORT] Drop forward offset complete.
[ARM] WARNING: sort lower wait_for_completed 超过 3.0s。
[ARM] 如果机械臂已经物理到位，继续进入视觉闭环，不再永久阻塞。
[SORT] Release bottle
[ARM] sort lift completed

==============================================
[SAFE BACKUP] POST DROP: 15 cm
[SAFE BACKUP] move speed=0.12 m/s
==============================================
[SAFE BACKUP] POST DROP: settling chassis before move
[SAFE BACKUP] POST DROP: send chassis.move()
[SAFE BACKUP] POST DROP: waiting for chassis action
[SAFE BACKUP] POST DROP: move completed
[SAFE BACKUP] POST DROP: OK
[SORT] Lateral placement complete.

==============================================
[YAW RESTORE] POST DROP
[YAW RESTORE] target=+1.33 deg
==============================================
[YAW RESTORE] attempt 1/4: current=+3.22, error=-1.89 deg
[YAW RESTORE] POST DROP: OK

[COMPLETED] DONE-3 | class=bottle | zone=RIGHT / BOTTLE ZONE
[PROGRESS] 已分拣 3/6 | tennis_ball=1 | bottle=2
[POST DROP SEARCH] bottle -> start LEFT

============================================================
[RETURN_SEARCH] Lateral search for remaining targets
============================================================
[VISION] RETURN_SEARCH -> YOLO FORCE OFF / MARKER GATE RESTORED
机械臂 -> 远距离观察姿态 (recenter)
[ARM] recenter completed
[RETURN_SEARCH] Skip 25 cm backup: post-drop retreat already completed.
[POST DROP SEARCH] Current placement-zone detections are ignored.
[LATERAL SEARCH] Initial direction: LEFT

[LATERAL SEARCH] LEFT PASS: y=-0.12m/s
[LATERAL SEARCH] Placement-zone lock active: ignore objects until a black work marker is re-entered.
[LATERAL SEARCH] Work marker re-entered; new-target recognition ARMED.
[LATERAL SEARCH] Candidate bottle 1/2
[LATERAL SEARCH] Candidate bottle 2/2
[LATERAL SEARCH] TARGET FOUND: bottle bottom_y=335.8
[LATERAL SEARCH] Target confirmed. Stop continuous sweep.

========== 第 4 个目标 ==========
[YAW] USE SESSION FORWARD REFERENCE: 1.33
机械臂 -> 远距离观察姿态 (recenter)
[ARM] recenter completed
[VISION] TARGET LOCKED -> YOLO FORCE ON / MARKER GATE BYPASSED
[SMOOTH] 锁定最近目标: bottle，后续持续跟踪该物体

[SMOOTH 1] bottle conf=0.92 | x=445.8 err=+125.8px | height=200.0 switch=170.0
[ALIGN_PREGRASP] 已接近预抓取区域，先停止前冲并横向对准。
  ALIGN: 目标偏右 +125.8px，原地转向 z=+5.0deg/s，不前进

[SMOOTH 2] bottle conf=0.91 | x=445.8 err=+125.8px | height=199.0 switch=170.0
  ALIGN: 目标偏右 +125.8px，原地转向 z=+10.0deg/s，不前进

[SMOOTH 3] bottle conf=0.91 | x=445.5 err=+125.5px | height=198.8 switch=170.0
  ALIGN: 目标偏右 +125.5px，原地转向 z=+15.0deg/s，不前进

[SMOOTH 4] bottle conf=0.91 | x=437.8 err=+117.8px | height=192.5 switch=170.0
  ALIGN: 目标偏右 +117.8px，原地转向 z=+18.0deg/s，不前进

[SMOOTH 5] bottle conf=0.92 | x=428.0 err=+108.0px | height=189.2 switch=170.0
  ALIGN: 目标偏右 +108.0px，原地转向 z=+18.0deg/s，不前进

[SMOOTH 6] bottle conf=0.88 | x=411.0 err=+91.0px | height=171.2 switch=170.0
  ALIGN: 目标偏右 +91.0px，原地转向 z=+13.0deg/s，不前进

[SMOOTH 7] bottle conf=0.88 | x=397.0 err=+77.0px | height=161.2 switch=170.0
  ALIGN: 目标偏右 +77.0px，原地转向 z=+10.0deg/s，不前进

[SMOOTH 8] bottle conf=0.86 | x=386.0 err=+66.0px | height=156.8 switch=170.0
  ALIGN: 目标偏右 +66.0px，原地转向 z=+10.0deg/s，不前进

[SMOOTH 9] bottle conf=0.89 | x=373.5 err=+53.5px | height=163.8 switch=170.0
  ALIGN: 目标偏右 +53.5px，原地转向 z=+6.0deg/s，不前进

[SMOOTH 10] bottle conf=0.91 | x=365.5 err=+45.5px | height=165.0 switch=170.0
  ALIGN: 目标偏右 +45.5px，原地转向 z=+6.0deg/s，不前进

[SMOOTH 11] bottle conf=0.90 | x=359.5 err=+39.5px | height=167.5 switch=170.0
  ALIGN: 目标偏右 +39.5px，原地转向 z=+6.0deg/s，不前进

[SMOOTH 12] bottle conf=0.92 | x=352.5 err=+32.5px | height=166.5 switch=170.0
  ALIGN: 目标偏右 +32.5px，原地转向 z=+6.0deg/s，不前进

[SMOOTH 13] bottle conf=0.91 | x=346.0 err=+26.0px | height=159.2 switch=170.0
  ALIGN: 已居中但距离还差一点，仅慢速前进 x=0.04m/s

[SMOOTH 14] bottle conf=0.90 | x=340.0 err=+20.0px | height=166.0 switch=170.0
  ALIGN: 已居中但距离还差一点，仅慢速前进 x=0.04m/s

[SMOOTH 15] bottle conf=0.92 | x=337.2 err=+17.2px | height=167.5 switch=170.0
  ALIGN: 已居中但距离还差一点，仅慢速前进 x=0.04m/s

[SMOOTH 16] bottle conf=0.93 | x=336.0 err=+16.0px | height=169.0 switch=170.0
  ALIGN: 已居中但距离还差一点，仅慢速前进 x=0.04m/s

[SMOOTH 17] bottle conf=0.93 | x=335.5 err=+15.5px | height=168.2 switch=170.0
  ALIGN: 已居中但距离还差一点，仅慢速前进 x=0.04m/s

[SMOOTH 18] bottle conf=0.93 | x=335.2 err=+15.2px | height=169.0 switch=170.0
  ALIGN: 已居中但距离还差一点，仅慢速前进 x=0.04m/s

[SMOOTH 19] bottle conf=0.91 | x=336.5 err=+16.5px | height=177.2 switch=170.0
  ALIGN READY 1/2: |x_error|=16.5px <= 30.0, height=177.2 >= 170.0

[SMOOTH 20] bottle conf=0.93 | x=336.0 err=+16.0px | height=180.0 switch=170.0
  ALIGN READY 2/2: |x_error|=16.0px <= 30.0, height=180.0 >= 170.0

==============================================
[PREGRASP] 距离和横向位置均已确认
class=bottle, x_error=+16.0px, height=180.0
现在才允许停车并切换学习抓取姿态。
==============================================
进入学习抓取姿态: arm.moveto(x=184.0, y=-21.0)
[ARM] WARNING: 进入学习抓取姿态 wait_for_completed 超过 3.0s。
[ARM] 如果机械臂已经物理到位，继续进入视觉闭环，不再永久阻塞。

[PREGRASP] arm.moveto 阻塞已释放。
[PREGRASP] 机械臂已下降/到位或已超时放行，直接进入实时 CLOSE_APPROACH。

[CLOSE 1] bottle conf=0.94 age=16ms
  x=345.2, ref=318.8, err=+26.5px
  y=325.5, ref=356.5, err=-31.0px
  height=259.8, ref=277.0, ratio=0.938
  ACTION: TURN 右 -3.0deg

[CLOSE 2] bottle conf=0.94 age=143ms
  x=345.0, ref=318.8, err=+26.2px
  y=325.0, ref=356.5, err=-31.5px
  height=259.5, ref=277.0, ratio=0.937
  ACTION: TURN 右 -3.0deg

[CLOSE 3] bottle conf=0.96 age=114ms
  x=327.0, ref=318.8, err=+8.2px
  y=323.5, ref=356.5, err=-33.0px
  height=257.5, ref=277.0, ratio=0.930
  ACTION: 前进 60mm (h=257.5, bottom_y=323.5)
[BOTTLE CLOSE FALLBACK] forward=6.0cm, near=False
[BOTTLE CLOSE FALLBACK] Near bottle confirmed: height=280.0px

[CLOSE 4] bottle conf=0.91 age=3ms
  x=314.0, ref=318.8, err=-4.8px
  y=352.0, ref=356.5, err=-4.5px
  height=280.0, ref=277.0, ratio=1.011

==============================================
[READY] 水瓶已达到成功抓取视觉状态
x_error=-4.8px, height=280.0px, bottom_y=352.0px
==============================================
[PRIORITY] 当前最近目标: bottle
WARN: bottle 暂时沿用网球夹爪判定参数。
关闭夹爪并判断...
grasp result: True 快速闭合(1.2s <= 2.0s), 判定夹到物体
抓取成功，开始抬起。
物体已抬起。
[POST GRASP] Move arm to transport/observe pose before chassis retreat.
机械臂 -> 远距离观察姿态 (recenter)
[ARM] recenter completed

==============================================
[SAFE BACKUP] POST GRASP: 15 cm
[SAFE BACKUP] move speed=0.12 m/s
==============================================
[SAFE BACKUP] POST GRASP: settling chassis before move
[SAFE BACKUP] POST GRASP: send chassis.move()
[SAFE BACKUP] POST GRASP: waiting for chassis action
[SAFE BACKUP] POST GRASP: move completed
[SAFE BACKUP] POST GRASP: OK

==============================================
[YAW RESTORE] POST GRASP
[YAW RESTORE] target=+1.33 deg
==============================================
[YAW RESTORE] attempt 1/4: current=+30.51, error=-29.18 deg
[YAW RESTORE] rotate z=+12.00 deg
[YAW RESTORE] attempt 2/4: current=+20.71, error=-19.38 deg
[YAW RESTORE] rotate z=+12.00 deg
[YAW RESTORE] attempt 3/4: current=+10.80, error=-9.47 deg
[YAW RESTORE] rotate z=+9.47 deg
[YAW RESTORE] attempt 4/4: current=+3.14, error=-1.81 deg
[YAW RESTORE] POST GRASP: OK

==============================================
[SORT] bottle -> RIGHT / BOTTLE ZONE
[SORT] Lateral movement y=+0.12m/s
==============================================

==============================================
[DROP PREP] Confirm marker before lateral movement
==============================================
[DROP PREP] Marker visible. Lateral movement allowed.
[DROP STRAFE] marker absent 0.00/1.50s
[DROP STRAFE] marker absent 0.05/1.50s
[DROP STRAFE] marker absent 0.10/1.50s
[DROP STRAFE] marker absent 0.15/1.50s
[DROP STRAFE] marker absent 0.20/1.50s
[DROP STRAFE] marker absent 0.26/1.50s
[DROP STRAFE] marker absent 0.31/1.50s
[DROP STRAFE] marker absent 0.36/1.50s
[DROP STRAFE] marker absent 0.41/1.50s
[DROP STRAFE] marker absent 0.46/1.50s
[DROP STRAFE] marker absent 0.51/1.50s
[DROP STRAFE] marker absent 0.56/1.50s
[DROP STRAFE] marker absent 0.61/1.50s
[DROP STRAFE] marker absent 0.67/1.50s
[DROP STRAFE] marker absent 0.72/1.50s
[DROP STRAFE] marker absent 0.77/1.50s
[DROP STRAFE] marker absent 0.82/1.50s
[DROP STRAFE] marker absent 0.87/1.50s
[DROP STRAFE] marker absent 0.92/1.50s
[DROP STRAFE] marker absent 0.97/1.50s
[DROP STRAFE] marker absent 0.00/1.50s
[DROP STRAFE] marker absent 0.05/1.50s
[DROP STRAFE] marker absent 0.10/1.50s
[DROP STRAFE] marker absent 0.15/1.50s
[DROP STRAFE] marker absent 0.00/1.50s
[DROP STRAFE] marker absent 0.05/1.50s
[DROP STRAFE] marker absent 0.10/1.50s
[DROP STRAFE] marker absent 0.15/1.50s
[DROP STRAFE] marker absent 0.20/1.50s
[DROP STRAFE] marker absent 0.26/1.50s
[DROP STRAFE] marker absent 0.31/1.50s
[DROP STRAFE] marker absent 0.00/1.50s
[DROP STRAFE] marker absent 0.05/1.50s
[DROP STRAFE] marker absent 0.10/1.50s
[DROP STRAFE] marker absent 0.15/1.50s
[DROP STRAFE] marker absent 0.21/1.50s
[DROP STRAFE] marker absent 0.26/1.50s
[DROP STRAFE] marker absent 0.31/1.50s
[DROP STRAFE] marker absent 0.36/1.50s
[DROP STRAFE] marker absent 0.41/1.50s
[DROP STRAFE] marker absent 0.46/1.50s
[DROP STRAFE] marker absent 0.51/1.50s
[DROP STRAFE] marker absent 0.56/1.50s
[DROP STRAFE] marker absent 0.61/1.50s
[DROP STRAFE] marker absent 0.67/1.50s
[DROP STRAFE] marker absent 0.72/1.50s
[DROP STRAFE] marker absent 0.77/1.50s
[DROP STRAFE] marker absent 0.82/1.50s
[DROP STRAFE] marker absent 0.87/1.50s
[DROP STRAFE] marker absent 0.92/1.50s
[DROP STRAFE] marker absent 0.97/1.50s
[DROP STRAFE] marker absent 1.02/1.50s
[DROP STRAFE] marker absent 1.08/1.50s
[DROP STRAFE] marker absent 1.13/1.50s
[DROP STRAFE] marker absent 1.18/1.50s
[DROP STRAFE] marker absent 1.23/1.50s
[DROP STRAFE] marker absent 1.28/1.50s
[DROP STRAFE] marker absent 1.33/1.50s
[DROP STRAFE] marker absent 1.38/1.50s
[DROP STRAFE] marker absent 1.43/1.50s
[DROP STRAFE] marker absent 1.49/1.50s
[DROP STRAFE] marker absent 1.54/1.50s
[DROP STRAFE] Edge confirmed.
[SORT] Marker absent for 1.5s.
[SORT] Stop lateral motion and release object.

==============================================
[SORT] bottle drop forward 15 cm
==============================================
[SORT] Stop lateral motion before forward offset.
[SORT] Forward speed=0.12 m/s, time=1.25s
[SORT] Drop forward offset complete.
[ARM] WARNING: sort lower wait_for_completed 超过 3.0s。
[ARM] 如果机械臂已经物理到位，继续进入视觉闭环，不再永久阻塞。
[SORT] Release bottle
[ARM] sort lift completed

==============================================
[SAFE BACKUP] POST DROP: 15 cm
[SAFE BACKUP] move speed=0.12 m/s
==============================================
[SAFE BACKUP] POST DROP: settling chassis before move
[SAFE BACKUP] POST DROP: send chassis.move()
[SAFE BACKUP] POST DROP: waiting for chassis action
[SAFE BACKUP] POST DROP: move completed
[SAFE BACKUP] POST DROP: OK
[SORT] Lateral placement complete.

==============================================
[YAW RESTORE] POST DROP
[YAW RESTORE] target=+1.33 deg
==============================================
[YAW RESTORE] attempt 1/4: current=+2.73, error=-1.40 deg
[YAW RESTORE] POST DROP: OK

[COMPLETED] DONE-4 | class=bottle | zone=RIGHT / BOTTLE ZONE
[PROGRESS] 已分拣 4/6 | tennis_ball=1 | bottle=3
[POST DROP SEARCH] bottle -> start LEFT

============================================================
[RETURN_SEARCH] Lateral search for remaining targets
============================================================
[VISION] RETURN_SEARCH -> YOLO FORCE OFF / MARKER GATE RESTORED
机械臂 -> 远距离观察姿态 (recenter)
[ARM] recenter completed
[RETURN_SEARCH] Skip 25 cm backup: post-drop retreat already completed.
[POST DROP SEARCH] Current placement-zone detections are ignored.
[LATERAL SEARCH] Initial direction: LEFT

[LATERAL SEARCH] LEFT PASS: y=-0.12m/s
[LATERAL SEARCH] Placement-zone lock active: ignore objects until a black work marker is re-entered.
[LATERAL SEARCH] Work marker re-entered; new-target recognition ARMED.
[LATERAL SEARCH] Candidate tennis_ball 1/2
[LATERAL SEARCH] Candidate tennis_ball 2/2
[LATERAL SEARCH] TARGET FOUND: tennis_ball bottom_y=257.0
[LATERAL SEARCH] Target confirmed. Stop continuous sweep.

========== 第 5 个目标 ==========
[YAW] USE SESSION FORWARD REFERENCE: 1.33
机械臂 -> 远距离观察姿态 (recenter)
[ARM] recenter completed
[VISION] TARGET LOCKED -> YOLO FORCE ON / MARKER GATE BYPASSED
[SMOOTH] 锁定最近目标: tennis_ball，后续持续跟踪该物体

[SMOOTH 1] tennis_ball conf=0.90 | x=182.5 err=-137.5px | width=42.0 switch=60.0
  drive_speed: x=0.00m/s z=-5.0deg/s

[SMOOTH 2] tennis_ball conf=0.89 | x=182.5 err=-137.5px | width=42.0 switch=60.0
  drive_speed: x=0.00m/s z=-10.0deg/s

[SMOOTH 3] tennis_ball conf=0.91 | x=181.1 err=-138.9px | width=39.2 switch=60.0
  drive_speed: x=0.00m/s z=-15.0deg/s

[SMOOTH 4] tennis_ball conf=0.89 | x=183.2 err=-136.8px | width=41.5 switch=60.0
  drive_speed: x=0.00m/s z=-18.0deg/s

[SMOOTH 5] tennis_ball conf=0.91 | x=191.8 err=-128.2px | width=48.8 switch=60.0
  drive_speed: x=0.00m/s z=-18.0deg/s

[SMOOTH 6] tennis_ball conf=0.92 | x=211.2 err=-108.8px | width=38.0 switch=60.0
  drive_speed: x=0.04m/s z=-18.0deg/s

[SMOOTH 7] tennis_ball conf=0.92 | x=228.2 err=-91.8px | width=37.5 switch=60.0
  drive_speed: x=0.07m/s z=-13.0deg/s

[SMOOTH 8] tennis_ball conf=0.92 | x=244.8 err=-75.2px | width=38.0 switch=60.0
  drive_speed: x=0.07m/s z=-10.0deg/s

[SMOOTH 9] tennis_ball conf=0.93 | x=258.6 err=-61.4px | width=37.9 switch=60.0
  drive_speed: x=0.11m/s z=-10.0deg/s

[SMOOTH 10] tennis_ball conf=0.89 | x=262.2 err=-57.8px | width=39.5 switch=60.0
  drive_speed: x=0.12m/s z=-10.0deg/s

[SMOOTH 11] tennis_ball conf=0.81 | x=269.0 err=-51.0px | width=44.5 switch=60.0
  drive_speed: x=0.12m/s z=-6.0deg/s

[SMOOTH 12] tennis_ball conf=0.90 | x=274.2 err=-45.8px | width=48.0 switch=60.0
  drive_speed: x=0.12m/s z=-6.0deg/s

[SMOOTH 13] tennis_ball conf=0.93 | x=280.5 err=-39.5px | width=46.0 switch=60.0
  drive_speed: x=0.12m/s z=-6.0deg/s

[SMOOTH 14] tennis_ball conf=0.90 | x=286.0 err=-34.0px | width=49.0 switch=60.0
  drive_speed: x=0.12m/s z=-6.0deg/s

[SMOOTH 15] tennis_ball conf=0.57 | x=286.0 err=-34.0px | width=57.5 switch=60.0
[ALIGN_PREGRASP] 已接近预抓取区域，先停止前冲并横向对准。
  ALIGN: 目标偏左 -34.0px，原地转向 z=-5.0deg/s，不前进

[SMOOTH 16] tennis_ball conf=0.91 | x=295.5 err=-24.5px | width=47.0 switch=60.0
  ALIGN: 已居中但距离还差一点，仅慢速前进 x=0.04m/s

[SMOOTH 17] tennis_ball conf=0.91 | x=298.8 err=-21.2px | width=49.0 switch=60.0
  ALIGN: 已居中但距离还差一点，仅慢速前进 x=0.04m/s

[SMOOTH 18] tennis_ball conf=0.91 | x=299.5 err=-20.5px | width=51.0 switch=60.0
  ALIGN: 已居中但距离还差一点，仅慢速前进 x=0.04m/s

[SMOOTH 19] tennis_ball conf=0.93 | x=300.0 err=-20.0px | width=50.0 switch=60.0
  ALIGN: 已居中但距离还差一点，仅慢速前进 x=0.04m/s

[SMOOTH 20] tennis_ball conf=0.92 | x=300.0 err=-20.0px | width=48.0 switch=60.0
  ALIGN: 已居中但距离还差一点，仅慢速前进 x=0.04m/s

[SMOOTH 21] tennis_ball conf=0.89 | x=300.2 err=-19.8px | width=48.5 switch=60.0
  ALIGN: 已居中但距离还差一点，仅慢速前进 x=0.04m/s

[SMOOTH 22] tennis_ball conf=0.90 | x=301.5 err=-18.5px | width=51.0 switch=60.0
  ALIGN: 已居中但距离还差一点，仅慢速前进 x=0.04m/s

[SMOOTH 23] tennis_ball conf=0.90 | x=301.0 err=-19.0px | width=51.0 switch=60.0
  ALIGN: 已居中但距离还差一点，仅慢速前进 x=0.04m/s

[SMOOTH 24] tennis_ball conf=0.93 | x=301.0 err=-19.0px | width=51.0 switch=60.0
  ALIGN: 已居中但距离还差一点，仅慢速前进 x=0.04m/s

[SMOOTH 25] tennis_ball conf=0.91 | x=300.5 err=-19.5px | width=50.5 switch=60.0
  ALIGN: 已居中但距离还差一点，仅慢速前进 x=0.04m/s

[SMOOTH 26] tennis_ball conf=0.86 | x=300.2 err=-19.8px | width=50.0 switch=60.0
  ALIGN: 已居中但距离还差一点，仅慢速前进 x=0.04m/s

[SMOOTH 27] tennis_ball conf=0.80 | x=301.0 err=-19.0px | width=53.0 switch=60.0
  ALIGN: 已居中但距离还差一点，仅慢速前进 x=0.04m/s

[SMOOTH 28] tennis_ball conf=0.82 | x=301.0 err=-19.0px | width=53.0 switch=60.0
  ALIGN: 已居中但距离还差一点，仅慢速前进 x=0.04m/s

[SMOOTH 29] tennis_ball conf=0.85 | x=300.2 err=-19.8px | width=52.5 switch=60.0
  ALIGN: 已居中但距离还差一点，仅慢速前进 x=0.04m/s

[SMOOTH 30] tennis_ball conf=0.76 | x=299.2 err=-20.8px | width=52.0 switch=60.0
  ALIGN: 已居中但距离还差一点，仅慢速前进 x=0.04m/s

[SMOOTH 31] tennis_ball conf=0.67 | x=299.0 err=-21.0px | width=51.0 switch=60.0
  ALIGN: 已居中但距离还差一点，仅慢速前进 x=0.04m/s

[SMOOTH 32] tennis_ball conf=0.49 | x=299.2 err=-20.8px | width=56.5 switch=60.0
  ALIGN: 已居中但距离还差一点，仅慢速前进 x=0.04m/s

[SMOOTH 33] tennis_ball conf=0.54 | x=299.0 err=-21.0px | width=66.0 switch=60.0
  ALIGN READY 1/2: |x_error|=21.0px <= 30.0, width=66.0 >= 60.0

[SMOOTH 34] tennis_ball conf=0.37 | x=297.5 err=-22.5px | width=68.0 switch=60.0
  ALIGN READY 2/2: |x_error|=22.5px <= 30.0, width=68.0 >= 60.0

==============================================
[PREGRASP] 距离和横向位置均已确认
class=tennis_ball, x_error=-22.5px, width=68.0
现在才允许停车并切换学习抓取姿态。
==============================================
进入学习抓取姿态: arm.moveto(x=182.0, y=-84.0)
[ARM] WARNING: 进入学习抓取姿态 wait_for_completed 超过 3.0s。
[ARM] 如果机械臂已经物理到位，继续进入视觉闭环，不再永久阻塞。

[PREGRASP] arm.moveto 阻塞已释放。
[PREGRASP] 机械臂已下降/到位或已超时放行，直接进入实时 CLOSE_APPROACH。

[CLOSE 1] tennis_ball conf=0.91 age=15ms
  x=301.0, ref=314.5, err=-13.5px
  y=307.5, ref=298.5, err=+9.0px
  width=96.0, ref=98.0, ratio=0.980

==============================================
[READY] 网球已达到成功抓取视觉状态
x_error=-13.5px, width_ratio=0.980, y_error=+9.0px
==============================================
[PRIORITY] 当前最近目标: tennis_ball
关闭夹爪并判断...
grasp result: True 快速闭合(1.4s <= 2.0s), 判定夹到物体
抓取成功，开始抬起。
物体已抬起。
[POST GRASP] Move arm to transport/observe pose before chassis retreat.
机械臂 -> 远距离观察姿态 (recenter)
[ARM] recenter completed

==============================================
[SAFE BACKUP] POST GRASP: 15 cm
[SAFE BACKUP] move speed=0.12 m/s
==============================================
[SAFE BACKUP] POST GRASP: settling chassis before move
[SAFE BACKUP] POST GRASP: send chassis.move()
[SAFE BACKUP] POST GRASP: waiting for chassis action
[SAFE BACKUP] POST GRASP: move completed
[SAFE BACKUP] POST GRASP: OK

==============================================
[YAW RESTORE] POST GRASP
[YAW RESTORE] target=+1.33 deg
==============================================
[YAW RESTORE] attempt 1/4: current=-28.04, error=+29.37 deg
[YAW RESTORE] rotate z=-12.00 deg
[YAW RESTORE] attempt 2/4: current=-18.00, error=+19.33 deg
[YAW RESTORE] rotate z=-12.00 deg
[YAW RESTORE] attempt 3/4: current=-8.19, error=+9.52 deg
[YAW RESTORE] rotate z=-9.52 deg
[YAW RESTORE] attempt 4/4: current=-0.37, error=+1.70 deg
[YAW RESTORE] POST GRASP: OK

==============================================
[SORT] tennis_ball -> LEFT / TENNIS ZONE
[SORT] Lateral movement y=-0.12m/s
==============================================

==============================================
[DROP PREP] Confirm marker before lateral movement
==============================================
[DROP PREP] Marker not visible after normal retreat.

[DROP PREP] Extra retreat 1/4: 5 cm

==============================================
[SAFE BACKUP] DROP MARKER REACQUIRE 1: 5 cm
[SAFE BACKUP] move speed=0.12 m/s
==============================================
[SAFE BACKUP] DROP MARKER REACQUIRE 1: settling chassis before move
[SAFE BACKUP] DROP MARKER REACQUIRE 1: send chassis.move()
[SAFE BACKUP] DROP MARKER REACQUIRE 1: waiting for chassis action
[SAFE BACKUP] DROP MARKER REACQUIRE 1: move completed
[SAFE BACKUP] DROP MARKER REACQUIRE 1: OK
[DROP PREP] Marker still not visible.

[DROP PREP] Extra retreat 2/4: 5 cm

==============================================
[SAFE BACKUP] DROP MARKER REACQUIRE 2: 5 cm
[SAFE BACKUP] move speed=0.12 m/s
==============================================
[SAFE BACKUP] DROP MARKER REACQUIRE 2: settling chassis before move
[SAFE BACKUP] DROP MARKER REACQUIRE 2: send chassis.move()
[SAFE BACKUP] DROP MARKER REACQUIRE 2: waiting for chassis action
[SAFE BACKUP] DROP MARKER REACQUIRE 2: move completed
[SAFE BACKUP] DROP MARKER REACQUIRE 2: OK
[DROP PREP] Marker reacquired. Lateral movement allowed.
[DROP STRAFE] marker absent 0.00/1.50s
[DROP STRAFE] marker absent 0.05/1.50s
[DROP STRAFE] marker absent 0.10/1.50s
[DROP STRAFE] marker absent 0.00/1.50s
[DROP STRAFE] marker absent 0.05/1.50s
[DROP STRAFE] marker absent 0.10/1.50s
[DROP STRAFE] marker absent 0.15/1.50s
[DROP STRAFE] marker absent 0.20/1.50s
[DROP STRAFE] marker absent 0.26/1.50s
[DROP STRAFE] marker absent 0.31/1.50s
[DROP STRAFE] marker absent 0.36/1.50s
[DROP STRAFE] marker absent 0.41/1.50s
[DROP STRAFE] marker absent 0.46/1.50s
[DROP STRAFE] marker absent 0.00/1.50s
[DROP STRAFE] marker absent 0.05/1.50s
[DROP STRAFE] marker absent 0.10/1.50s
[DROP STRAFE] marker absent 0.15/1.50s
[DROP STRAFE] marker absent 0.20/1.50s
[DROP STRAFE] marker absent 0.26/1.50s
[DROP STRAFE] marker absent 0.31/1.50s
[DROP STRAFE] marker absent 0.36/1.50s
[DROP STRAFE] marker absent 0.41/1.50s
[DROP STRAFE] marker absent 0.46/1.50s
[DROP STRAFE] marker absent 0.51/1.50s
[DROP STRAFE] marker absent 0.56/1.50s
[DROP STRAFE] marker absent 0.61/1.50s
[DROP STRAFE] marker absent 0.00/1.50s
[DROP STRAFE] marker absent 0.05/1.50s
[DROP STRAFE] marker absent 0.10/1.50s
[DROP STRAFE] marker absent 0.15/1.50s
[DROP STRAFE] marker absent 0.00/1.50s
[DROP STRAFE] marker absent 0.05/1.50s
[DROP STRAFE] marker absent 0.10/1.50s
[DROP STRAFE] marker absent 0.00/1.50s
[DROP STRAFE] marker absent 0.05/1.50s
[DROP STRAFE] marker absent 0.10/1.50s
[DROP STRAFE] marker absent 0.15/1.50s
[DROP STRAFE] marker absent 0.20/1.50s
[DROP STRAFE] marker absent 0.26/1.50s
[DROP STRAFE] marker absent 0.31/1.50s
[DROP STRAFE] marker absent 0.36/1.50s
[DROP STRAFE] marker absent 0.41/1.50s
[DROP STRAFE] marker absent 0.46/1.50s
[DROP STRAFE] marker absent 0.00/1.50s
[DROP STRAFE] marker absent 0.05/1.50s
[DROP STRAFE] marker absent 0.10/1.50s
[DROP STRAFE] marker absent 0.15/1.50s
[DROP STRAFE] marker absent 0.21/1.50s
[DROP STRAFE] marker absent 0.26/1.50s
[DROP STRAFE] marker absent 0.31/1.50s
[DROP STRAFE] marker absent 0.36/1.50s
[DROP STRAFE] marker absent 0.41/1.50s
[DROP STRAFE] marker absent 0.46/1.50s
[DROP STRAFE] marker absent 0.51/1.50s
[DROP STRAFE] marker absent 0.56/1.50s
[DROP STRAFE] marker absent 0.61/1.50s
[DROP STRAFE] marker absent 0.66/1.50s
[DROP STRAFE] marker absent 0.72/1.50s
[DROP STRAFE] marker absent 0.77/1.50s
[DROP STRAFE] marker absent 0.82/1.50s
[DROP STRAFE] marker absent 0.87/1.50s
[DROP STRAFE] marker absent 0.92/1.50s
[DROP STRAFE] marker absent 0.97/1.50s
[DROP STRAFE] marker absent 1.02/1.50s
[DROP STRAFE] marker absent 1.07/1.50s
[DROP STRAFE] marker absent 1.12/1.50s
[DROP STRAFE] marker absent 1.18/1.50s
[DROP STRAFE] marker absent 1.23/1.50s
[DROP STRAFE] marker absent 1.28/1.50s
[DROP STRAFE] marker absent 1.33/1.50s
[DROP STRAFE] marker absent 1.38/1.50s
[DROP STRAFE] marker absent 1.43/1.50s
[DROP STRAFE] marker absent 1.48/1.50s
[DROP STRAFE] marker absent 1.54/1.50s
[DROP STRAFE] Edge confirmed.
[SORT] Marker absent for 1.5s.
[SORT] Stop lateral motion and release object.

==============================================
[SORT] tennis_ball drop forward 15 cm
==============================================
[SORT] Stop lateral motion before forward offset.
[SORT] Forward speed=0.12 m/s, time=1.25s
[SORT] Drop forward offset complete.
[ARM] WARNING: sort lower wait_for_completed 超过 3.0s。
[ARM] 如果机械臂已经物理到位，继续进入视觉闭环，不再永久阻塞。
[SORT] Release tennis_ball
[ARM] sort lift completed

==============================================
[SAFE BACKUP] POST DROP: 15 cm
[SAFE BACKUP] move speed=0.12 m/s
==============================================
[SAFE BACKUP] POST DROP: settling chassis before move
[SAFE BACKUP] POST DROP: send chassis.move()
[SAFE BACKUP] POST DROP: waiting for chassis action
[SAFE BACKUP] POST DROP: move completed
[SAFE BACKUP] POST DROP: OK
[SORT] Lateral placement complete.

==============================================
[YAW RESTORE] POST DROP
[YAW RESTORE] target=+1.33 deg
==============================================
[YAW RESTORE] attempt 1/4: current=-1.09, error=+2.42 deg
[YAW RESTORE] POST DROP: OK

[COMPLETED] DONE-5 | class=tennis_ball | zone=LEFT / TENNIS ZONE
[PROGRESS] 已分拣 5/6 | tennis_ball=2 | bottle=3
[POST DROP SEARCH] tennis_ball -> start RIGHT

============================================================
[RETURN_SEARCH] Lateral search for remaining targets
============================================================
[VISION] RETURN_SEARCH -> YOLO FORCE OFF / MARKER GATE RESTORED
机械臂 -> 远距离观察姿态 (recenter)
[ARM] recenter completed
[RETURN_SEARCH] Skip 25 cm backup: post-drop retreat already completed.
[POST DROP SEARCH] Current placement-zone detections are ignored.
[LATERAL SEARCH] Initial direction: RIGHT

[LATERAL SEARCH] RIGHT PASS: y=+0.12m/s
[LATERAL SEARCH] Placement-zone lock active: ignore objects until a black work marker is re-entered.
[LATERAL SEARCH] Work marker re-entered; new-target recognition ARMED.
[LATERAL SEARCH] Candidate tennis_ball 1/2
[LATERAL SEARCH] Candidate tennis_ball 2/2
[LATERAL SEARCH] Candidate not stable; resume strafe.
[LATERAL SEARCH] Candidate bottle 1/2
[LATERAL SEARCH] Candidate bottle 2/2
[LATERAL SEARCH] TARGET FOUND: bottle bottom_y=315.2
[LATERAL SEARCH] Target confirmed. Stop continuous sweep.

========== 第 6 个目标 ==========
[YAW] USE SESSION FORWARD REFERENCE: 1.33
机械臂 -> 远距离观察姿态 (recenter)
[ARM] recenter completed
[VISION] TARGET LOCKED -> YOLO FORCE ON / MARKER GATE BYPASSED
[SMOOTH] 锁定最近目标: bottle，后续持续跟踪该物体

[SMOOTH 1] bottle conf=0.44 | x=448.5 err=+128.5px | height=269.0 switch=170.0
[ALIGN_PREGRASP] 已接近预抓取区域，先停止前冲并横向对准。
  ALIGN: 目标偏右 +128.5px，原地转向 z=+5.0deg/s，不前进

[SMOOTH 2] bottle conf=0.53 | x=448.0 err=+128.0px | height=268.8 switch=170.0
  ALIGN: 目标偏右 +128.0px，原地转向 z=+10.0deg/s，不前进

[SMOOTH 3] bottle conf=0.56 | x=448.5 err=+128.5px | height=264.5 switch=170.0
  ALIGN: 目标偏右 +128.5px，原地转向 z=+15.0deg/s，不前进

[SMOOTH 4] bottle conf=0.90 | x=445.0 err=+125.0px | height=257.5 switch=170.0
  ALIGN: 目标偏右 +125.0px，原地转向 z=+18.0deg/s，不前进

[SMOOTH 5] bottle conf=0.51 | x=438.5 err=+118.5px | height=270.5 switch=170.0
  ALIGN: 目标偏右 +118.5px，原地转向 z=+18.0deg/s，不前进

[SMOOTH 6] bottle conf=0.92 | x=416.0 err=+96.0px | height=186.5 switch=170.0
  ALIGN: 目标偏右 +96.0px，原地转向 z=+13.0deg/s，不前进

[SMOOTH 7] bottle conf=0.92 | x=398.5 err=+78.5px | height=186.2 switch=170.0
  ALIGN: 目标偏右 +78.5px，原地转向 z=+10.0deg/s，不前进

[SMOOTH 8] bottle conf=0.92 | x=377.0 err=+57.0px | height=184.5 switch=170.0
  ALIGN: 目标偏右 +57.0px，原地转向 z=+10.0deg/s，不前进

[SMOOTH 9] bottle conf=0.90 | x=364.5 err=+44.5px | height=186.1 switch=170.0
  ALIGN: 目标偏右 +44.5px，原地转向 z=+6.0deg/s，不前进

[SMOOTH 10] bottle conf=0.88 | x=355.0 err=+35.0px | height=184.5 switch=170.0
  ALIGN: 目标偏右 +35.0px，原地转向 z=+6.0deg/s，不前进

[SMOOTH 11] bottle conf=0.90 | x=348.5 err=+28.5px | height=179.2 switch=170.0
  ALIGN READY 1/2: |x_error|=28.5px <= 30.0, height=179.2 >= 170.0

[SMOOTH 12] bottle conf=0.88 | x=339.2 err=+19.2px | height=185.8 switch=170.0
  ALIGN READY 2/2: |x_error|=19.2px <= 30.0, height=185.8 >= 170.0

==============================================
[PREGRASP] 距离和横向位置均已确认
class=bottle, x_error=+19.2px, height=185.8
现在才允许停车并切换学习抓取姿态。
==============================================
进入学习抓取姿态: arm.moveto(x=184.0, y=-21.0)
[ARM] WARNING: 进入学习抓取姿态 wait_for_completed 超过 3.0s。
[ARM] 如果机械臂已经物理到位，继续进入视觉闭环，不再永久阻塞。

[PREGRASP] arm.moveto 阻塞已释放。
[PREGRASP] 机械臂已下降/到位或已超时放行，直接进入实时 CLOSE_APPROACH。

[CLOSE 1] bottle conf=0.88 age=34ms
  x=339.0, ref=318.8, err=+20.2px
  y=241.1, ref=356.5, err=-115.4px
  height=196.5, ref=277.0, ratio=0.709
  ACTION: TURN 右 -3.0deg

[CLOSE 2] bottle conf=0.87 age=158ms
  x=338.5, ref=318.8, err=+19.8px
  y=241.2, ref=356.5, err=-115.2px
  height=196.9, ref=277.0, ratio=0.711
  ACTION: TURN 右 -3.0deg

[CLOSE 3] bottle conf=0.92 age=117ms
  x=318.8, ref=318.8, err=+0.0px
  y=235.5, ref=356.5, err=-121.0px
  height=191.5, ref=277.0, ratio=0.691
  ACTION: 前进 80mm (h=191.5, bottom_y=235.5)
[BOTTLE CLOSE FALLBACK] forward=8.0cm, near=False

[CLOSE 4] bottle conf=0.91 age=31ms
  x=307.5, ref=318.8, err=-11.2px
  y=271.5, ref=356.5, err=-85.0px
  height=219.8, ref=277.0, ratio=0.793
  ACTION: 前进 80mm (h=219.8, bottom_y=271.5)
[BOTTLE CLOSE FALLBACK] forward=16.0cm, near=False
[BOTTLE CLOSE FALLBACK] Near bottle confirmed: height=262.2px

[CLOSE 5] bottle conf=0.91 age=26ms
  x=306.0, ref=318.8, err=-12.8px
  y=323.5, ref=356.5, err=-33.0px
  height=262.2, ref=277.0, ratio=0.947
  ACTION: TURN 左 +3.0deg

[CLOSE 6] bottle conf=0.93 age=156ms
  x=303.0, ref=318.8, err=-15.8px
  y=327.0, ref=356.5, err=-29.5px
  height=263.5, ref=277.0, ratio=0.951
  ACTION: TURN 左 +3.0deg

[CLOSE 7] bottle conf=0.93 age=114ms
  x=312.0, ref=318.8, err=-6.8px
  y=326.0, ref=356.5, err=-30.5px
  height=260.2, ref=277.0, ratio=0.940
  ACTION: 前进 40mm (h=260.2, bottom_y=326.0)
[BOTTLE CLOSE FALLBACK] forward=20.0cm, near=True

[CLOSE 8] bottle conf=0.93 age=63ms
  x=327.0, ref=318.8, err=+8.2px
  y=325.0, ref=356.5, err=-31.5px
  height=258.2, ref=277.0, ratio=0.932
  ACTION: 前进 60mm (h=258.2, bottom_y=325.0)
[BOTTLE CLOSE FALLBACK] forward=26.0cm, near=True

[CLOSE 9] bottle conf=0.83 age=51ms
  x=337.0, ref=318.8, err=+18.2px
  y=357.8, ref=356.5, err=+1.2px
  height=281.0, ref=277.0, ratio=1.014
  ACTION: TURN 右 -3.0deg

[CLOSE 10] bottle conf=0.73 age=11ms
  x=328.5, ref=318.8, err=+9.8px
  y=360.0, ref=356.5, err=+3.5px
  height=282.8, ref=277.0, ratio=1.021

==============================================
[READY] 水瓶已达到成功抓取视觉状态
x_error=+9.8px, height=282.8px, bottom_y=360.0px
==============================================
[PRIORITY] 当前最近目标: bottle
WARN: bottle 暂时沿用网球夹爪判定参数。
关闭夹爪并判断...
grasp result: True 快速闭合(1.6s <= 2.0s), 判定夹到物体
抓取成功，开始抬起。
物体已抬起。
[POST GRASP] Move arm to transport/observe pose before chassis retreat.
机械臂 -> 远距离观察姿态 (recenter)
[ARM] recenter completed

==============================================
[SAFE BACKUP] POST GRASP: 15 cm
[SAFE BACKUP] move speed=0.12 m/s
==============================================
[SAFE BACKUP] POST GRASP: settling chassis before move
[SAFE BACKUP] POST GRASP: send chassis.move()
[SAFE BACKUP] POST GRASP: waiting for chassis action
[SAFE BACKUP] POST GRASP: move completed
[SAFE BACKUP] POST GRASP: OK

==============================================
[YAW RESTORE] POST GRASP
[YAW RESTORE] target=+1.33 deg
==============================================
[YAW RESTORE] attempt 1/4: current=+23.48, error=-22.15 deg
[YAW RESTORE] rotate z=+12.00 deg
[YAW RESTORE] attempt 2/4: current=+13.57, error=-12.24 deg
[YAW RESTORE] rotate z=+12.00 deg
[YAW RESTORE] attempt 3/4: current=+3.85, error=-2.52 deg
[YAW RESTORE] rotate z=+2.52 deg
[YAW RESTORE] attempt 4/4: current=+3.81, error=-2.48 deg
[YAW RESTORE] POST GRASP: OK

==============================================
[SORT] bottle -> RIGHT / BOTTLE ZONE
[SORT] Lateral movement y=+0.12m/s
==============================================

==============================================
[DROP PREP] Confirm marker before lateral movement
==============================================
[DROP PREP] Marker visible. Lateral movement allowed.
[DROP STRAFE] marker absent 0.00/1.50s
[DROP STRAFE] marker absent 0.05/1.50s
[DROP STRAFE] marker absent 0.10/1.50s
[DROP STRAFE] marker absent 0.15/1.50s
[DROP STRAFE] marker absent 0.21/1.50s
[DROP STRAFE] marker absent 0.26/1.50s
[DROP STRAFE] marker absent 0.31/1.50s
[DROP STRAFE] marker absent 0.36/1.50s
[DROP STRAFE] marker absent 0.41/1.50s
[DROP STRAFE] marker absent 0.00/1.50s
[DROP STRAFE] marker absent 0.05/1.50s
[DROP STRAFE] marker absent 0.10/1.50s
[DROP STRAFE] marker absent 0.15/1.50s
[DROP STRAFE] marker absent 0.20/1.50s
[DROP STRAFE] marker absent 0.26/1.50s
[DROP STRAFE] marker absent 0.31/1.50s
[DROP STRAFE] marker absent 0.36/1.50s
[DROP STRAFE] marker absent 0.41/1.50s
[DROP STRAFE] marker absent 0.46/1.50s
[DROP STRAFE] marker absent 0.51/1.50s
[DROP STRAFE] marker absent 0.56/1.50s
[DROP STRAFE] marker absent 0.61/1.50s
[DROP STRAFE] marker absent 0.00/1.50s
[DROP STRAFE] marker absent 0.05/1.50s
[DROP STRAFE] marker absent 0.10/1.50s
[DROP STRAFE] marker absent 0.15/1.50s
[DROP STRAFE] marker absent 0.20/1.50s
[DROP STRAFE] marker absent 0.26/1.50s
[DROP STRAFE] marker absent 0.31/1.50s
[DROP STRAFE] marker absent 0.36/1.50s
[DROP STRAFE] marker absent 0.41/1.50s
[DROP STRAFE] marker absent 0.00/1.50s
[DROP STRAFE] marker absent 0.05/1.50s
[DROP STRAFE] marker absent 0.10/1.50s
[DROP STRAFE] marker absent 0.00/1.50s
[DROP STRAFE] marker absent 0.05/1.50s
[DROP STRAFE] marker absent 0.10/1.50s
[DROP STRAFE] marker absent 0.15/1.50s
[DROP STRAFE] marker absent 0.20/1.50s
[DROP STRAFE] marker absent 0.26/1.50s
[DROP STRAFE] marker absent 0.31/1.50s
[DROP STRAFE] marker absent 0.36/1.50s
[DROP STRAFE] marker absent 0.41/1.50s
[DROP STRAFE] marker absent 0.46/1.50s
[DROP STRAFE] marker absent 0.51/1.50s
[DROP STRAFE] marker absent 0.56/1.50s
[DROP STRAFE] marker absent 0.62/1.50s
[DROP STRAFE] marker absent 0.00/1.50s
[DROP STRAFE] marker absent 0.05/1.50s
[DROP STRAFE] marker absent 0.10/1.50s
[DROP STRAFE] marker absent 0.15/1.50s
[DROP STRAFE] marker absent 0.20/1.50s
[DROP STRAFE] marker absent 0.26/1.50s
[DROP STRAFE] marker absent 0.31/1.50s
[DROP STRAFE] marker absent 0.36/1.50s
[DROP STRAFE] marker absent 0.41/1.50s
[DROP STRAFE] marker absent 0.46/1.50s
[DROP STRAFE] marker absent 0.51/1.50s
[DROP STRAFE] marker absent 0.56/1.50s
[DROP STRAFE] marker absent 0.62/1.50s
[DROP STRAFE] marker absent 0.67/1.50s
[DROP STRAFE] marker absent 0.72/1.50s
[DROP STRAFE] marker absent 0.77/1.50s
[DROP STRAFE] marker absent 0.82/1.50s
[DROP STRAFE] marker absent 0.87/1.50s
[DROP STRAFE] marker absent 0.92/1.50s
[DROP STRAFE] marker absent 0.97/1.50s
[DROP STRAFE] marker absent 1.03/1.50s
[DROP STRAFE] marker absent 1.08/1.50s
[DROP STRAFE] marker absent 1.13/1.50s
[DROP STRAFE] marker absent 1.18/1.50s
[DROP STRAFE] marker absent 1.23/1.50s
[DROP STRAFE] marker absent 1.28/1.50s
[DROP STRAFE] marker absent 1.33/1.50s
[DROP STRAFE] marker absent 1.38/1.50s
[DROP STRAFE] marker absent 1.43/1.50s
[DROP STRAFE] marker absent 1.49/1.50s
[DROP STRAFE] marker absent 1.54/1.50s
[DROP STRAFE] Edge confirmed.
[SORT] Marker absent for 1.5s.
[SORT] Stop lateral motion and release object.

==============================================
[SORT] bottle drop forward 15 cm
==============================================
[SORT] Stop lateral motion before forward offset.
[SORT] Forward speed=0.12 m/s, time=1.25s
[SORT] Drop forward offset complete.
[ARM] WARNING: sort lower wait_for_completed 超过 3.0s。
[ARM] 如果机械臂已经物理到位，继续进入视觉闭环，不再永久阻塞。
[SORT] Release bottle
[ARM] sort lift completed

==============================================
[SAFE BACKUP] POST DROP: 15 cm
[SAFE BACKUP] move speed=0.12 m/s
==============================================
[SAFE BACKUP] POST DROP: settling chassis before move
[SAFE BACKUP] POST DROP: send chassis.move()
[SAFE BACKUP] POST DROP: waiting for chassis action
[SAFE BACKUP] POST DROP: move completed
[SAFE BACKUP] POST DROP: OK
[SORT] Lateral placement complete.

==============================================
[YAW RESTORE] POST DROP
[YAW RESTORE] target=+1.33 deg
==============================================
[YAW RESTORE] attempt 1/4: current=+2.93, error=-1.60 deg
[YAW RESTORE] POST DROP: OK

[COMPLETED] DONE-6 | class=bottle | zone=RIGHT / BOTTLE ZONE
[PROGRESS] 已分拣 6/6 | tennis_ball=2 | bottle=4

============================================================
自动分拣结束
总数        : 6
tennis_ball : 2
bottle      : 4
completed   : [{'id': 'DONE-1', 'class': 'tennis_ball', 'zone': 'LEFT / TENNIS ZONE'}, {'id': 'DONE-2', 'class': 'bottle', 'zone': 'RIGHT / BOTTLE ZONE'}, {'id': 'DONE-3', 'class': 'bottle', 'zone': 'RIGHT / BOTTLE ZONE'}, {'id': 'DONE-4', 'class': 'bottle', 'zone': 'RIGHT / BOTTLE ZONE'}, {'id': 'DONE-5', 'class': 'tennis_ball', 'zone': 'LEFT / TENNIS ZONE'}, {'id': 'DONE-6', 'class': 'bottle', 'zone': 'RIGHT / BOTTLE ZONE'}]
============================================================
adam@adam-desktop:~/Team21/yjh/real_grid_sorting_v10$